Archive member included to satisfy reference by file (symbol)

c:/nxp/mcuxpressoide_11.0.0_2516/ide/plugins/com.nxp.mcuxpresso.tools.win32_11.0.0.201905131304/tools/bin/../lib/gcc/arm-none-eabi/8.2.1/../../../../arm-none-eabi/lib/thumb/v6-m/nofp\libcr_semihost_nf.a(_cr__main.o)
                              ./startup/startup_mkl46z4.o (__main)
c:/nxp/mcuxpressoide_11.0.0_2516/ide/plugins/com.nxp.mcuxpresso.tools.win32_11.0.0.201905131304/tools/bin/../lib/gcc/arm-none-eabi/8.2.1/../../../../arm-none-eabi/lib/thumb/v6-m/nofp\libcr_semihost_nf.a(_cr_assert.o)
                              ./utilities/fsl_debug_console.o (__assertion_failed)
c:/nxp/mcuxpressoide_11.0.0_2516/ide/plugins/com.nxp.mcuxpresso.tools.win32_11.0.0.201905131304/tools/bin/../lib/gcc/arm-none-eabi/8.2.1/../../../../arm-none-eabi/lib/thumb/v6-m/nofp\libcr_semihost_nf.a(__ciob.o)
                              c:/nxp/mcuxpressoide_11.0.0_2516/ide/plugins/com.nxp.mcuxpresso.tools.win32_11.0.0.201905131304/tools/bin/../lib/gcc/arm-none-eabi/8.2.1/../../../../arm-none-eabi/lib/thumb/v6-m/nofp\libcr_semihost_nf.a(_cr_assert.o) (__Ciob)
c:/nxp/mcuxpressoide_11.0.0_2516/ide/plugins/com.nxp.mcuxpresso.tools.win32_11.0.0.201905131304/tools/bin/../lib/gcc/arm-none-eabi/8.2.1/../../../../arm-none-eabi/lib/thumb/v6-m/nofp\libcr_semihost_nf.a(__sys_appexit.o)
                              c:/nxp/mcuxpressoide_11.0.0_2516/ide/plugins/com.nxp.mcuxpresso.tools.win32_11.0.0.201905131304/tools/bin/../lib/gcc/arm-none-eabi/8.2.1/../../../../arm-none-eabi/lib/thumb/v6-m/nofp\libcr_semihost_nf.a(_cr_assert.o) (__sys_appexit)
c:/nxp/mcuxpressoide_11.0.0_2516/ide/plugins/com.nxp.mcuxpresso.tools.win32_11.0.0.201905131304/tools/bin/../lib/gcc/arm-none-eabi/8.2.1/../../../../arm-none-eabi/lib/thumb/v6-m/nofp\libcr_c.a(memcpy.o)
                              ./source/ColorSenor.o (memcpy)
c:/nxp/mcuxpressoide_11.0.0_2516/ide/plugins/com.nxp.mcuxpresso.tools.win32_11.0.0.201905131304/tools/bin/../lib/gcc/arm-none-eabi/8.2.1/../../../../arm-none-eabi/lib/thumb/v6-m/nofp\libcr_c.a(memset.o)
                              ./drivers/fsl_ftfx_cache.o (memset)
c:/nxp/mcuxpressoide_11.0.0_2516/ide/plugins/com.nxp.mcuxpresso.tools.win32_11.0.0.201905131304/tools/bin/../lib/gcc/arm-none-eabi/8.2.1/../../../../arm-none-eabi/lib/thumb/v6-m/nofp\libcr_c.a(_deferredlazyseek.o)
                              c:/nxp/mcuxpressoide_11.0.0_2516/ide/plugins/com.nxp.mcuxpresso.tools.win32_11.0.0.201905131304/tools/bin/../lib/gcc/arm-none-eabi/8.2.1/../../../../arm-none-eabi/lib/thumb/v6-m/nofp\libcr_semihost_nf.a(_cr_assert.o) (__flsbuf)
c:/nxp/mcuxpressoide_11.0.0_2516/ide/plugins/com.nxp.mcuxpresso.tools.win32_11.0.0.201905131304/tools/bin/../lib/gcc/arm-none-eabi/8.2.1/../../../../arm-none-eabi/lib/thumb/v6-m/nofp\libcr_c.a(_fflush.o)
                              c:/nxp/mcuxpressoide_11.0.0_2516/ide/plugins/com.nxp.mcuxpresso.tools.win32_11.0.0.201905131304/tools/bin/../lib/gcc/arm-none-eabi/8.2.1/../../../../arm-none-eabi/lib/thumb/v6-m/nofp\libcr_c.a(_deferredlazyseek.o) (_fflush)
c:/nxp/mcuxpressoide_11.0.0_2516/ide/plugins/com.nxp.mcuxpresso.tools.win32_11.0.0.201905131304/tools/bin/../lib/gcc/arm-none-eabi/8.2.1/../../../../arm-none-eabi/lib/thumb/v6-m/nofp\libcr_c.a(_writebuf.o)
                              c:/nxp/mcuxpressoide_11.0.0_2516/ide/plugins/com.nxp.mcuxpresso.tools.win32_11.0.0.201905131304/tools/bin/../lib/gcc/arm-none-eabi/8.2.1/../../../../arm-none-eabi/lib/thumb/v6-m/nofp\libcr_c.a(_deferredlazyseek.o) (_Cwritebuf)
c:/nxp/mcuxpressoide_11.0.0_2516/ide/plugins/com.nxp.mcuxpresso.tools.win32_11.0.0.201905131304/tools/bin/../lib/gcc/arm-none-eabi/8.2.1/../../../../arm-none-eabi/lib/thumb/v6-m/nofp\libcr_c.a(alloc.o)
                              ./drivers/fsl_common.o (malloc)
c:/nxp/mcuxpressoide_11.0.0_2516/ide/plugins/com.nxp.mcuxpresso.tools.win32_11.0.0.201905131304/tools/bin/../lib/gcc/arm-none-eabi/8.2.1/../../../../arm-none-eabi/lib/thumb/v6-m/nofp\libcr_c.a(fputs.o)
                              c:/nxp/mcuxpressoide_11.0.0_2516/ide/plugins/com.nxp.mcuxpresso.tools.win32_11.0.0.201905131304/tools/bin/../lib/gcc/arm-none-eabi/8.2.1/../../../../arm-none-eabi/lib/thumb/v6-m/nofp\libcr_semihost_nf.a(_cr_assert.o) (fputs)
c:/nxp/mcuxpressoide_11.0.0_2516/ide/plugins/com.nxp.mcuxpresso.tools.win32_11.0.0.201905131304/tools/bin/../lib/gcc/arm-none-eabi/8.2.1/../../../../arm-none-eabi/lib/thumb/v6-m/nofp\libcr_c.a(fseek.o)
                              c:/nxp/mcuxpressoide_11.0.0_2516/ide/plugins/com.nxp.mcuxpresso.tools.win32_11.0.0.201905131304/tools/bin/../lib/gcc/arm-none-eabi/8.2.1/../../../../arm-none-eabi/lib/thumb/v6-m/nofp\libcr_c.a(_deferredlazyseek.o) (fseek)
c:/nxp/mcuxpressoide_11.0.0_2516/ide/plugins/com.nxp.mcuxpresso.tools.win32_11.0.0.201905131304/tools/bin/../lib/gcc/arm-none-eabi/8.2.1/../../../../arm-none-eabi/lib/thumb/v6-m/nofp\libcr_c.a(ftell.o)
[...]
Memory Configuration

Name             Origin             Length             Attributes
PROGRAM_FLASH    0x00000000         0x00040000         xr
SRAM             0x1fffe000         0x00008000         xrw
*default*        0x00000000         0xffffffff

Linker script and memory map

LOAD ./utilities/fsl_debug_console.o
LOAD ./utilities/fsl_io.o
LOAD ./utilities/fsl_log.o
LOAD ./utilities/fsl_str.o
LOAD ./startup/startup_mkl46z4.o
LOAD ./source/ColorSenor.o
LOAD ./source/LineSensor.o
LOAD ./source/MotorControls.o
LOAD ./source/Project 5 Navigation.o
LOAD ./source/ServoControl.o
LOAD ./source/SpeedControl.o
LOAD ./source/Utilities.o
LOAD ./source/mtb.o
LOAD ./source/semihost_hardfault.o
LOAD ./drivers/fsl_clock.o
LOAD ./drivers/fsl_common.o
LOAD ./drivers/fsl_ftfx_cache.o
LOAD ./drivers/fsl_ftfx_controller.o
LOAD ./drivers/fsl_ftfx_flash.o
LOAD ./drivers/fsl_ftfx_flexnvm.o
LOAD ./drivers/fsl_gpio.o
LOAD ./drivers/fsl_i2c.o
LOAD ./drivers/fsl_lpsci.o
LOAD ./drivers/fsl_smc.o
LOAD ./drivers/fsl_uart.o
LOAD ./board/board.o
LOAD ./board/clock_config.o
LOAD ./board/peripherals.o
LOAD ./board/pin_mux.o
LOAD ./CMSIS/system_MKL46Z4.o
START GROUP
LOAD c:/nxp/mcuxpressoide_11.0.0_2516/ide/plugins/com.nxp.mcuxpresso.tools.win32_11.0.0.201905131304/tools/bin/../lib/gcc/arm-none-eabi/8.2.1/../../../../arm-none-eabi/lib/thumb/v6-m/nofp\libcr_semihost_nf.a
LOAD c:/nxp/mcuxpressoide_11.0.0_2516/ide/plugins/com.nxp.mcuxpresso.tools.win32_11.0.0.201905131304/tools/bin/../lib/gcc/arm-none-eabi/8.2.1/../../../../arm-none-eabi/lib/thumb/v6-m/nofp\libcr_c.a
LOAD c:/nxp/mcuxpressoide_11.0.0_2516/ide/plugins/com.nxp.mcuxpresso.tools.win32_11.0.0.201905131304/tools/bin/../lib/gcc/arm-none-eabi/8.2.1/thumb/v6-m/nofp\libcr_eabihelpers.a
LOAD c:/nxp/mcuxpressoide_11.0.0_2516/ide/plugins/com.nxp.mcuxpresso.tools.win32_11.0.0.201905131304/tools/bin/../lib/gcc/arm-none-eabi/8.2.1/thumb/v6-m/nofp\libgcc.a
END GROUP
                0x00000000                __base_PROGRAM_FLASH = 0x0
                0x00000000                __base_Flash = 0x0
                0x00040000                __top_PROGRAM_FLASH = 0x40000
                0x00040000                __top_Flash = 0x40000
                0x1fffe000                __base_SRAM = 0x1fffe000
                0x1fffe000                __base_RAM = 0x1fffe000
                0x20006000                __top_SRAM = 0x20006000
                0x20006000                __top_RAM = 0x20006000

.text           0x00000000     0x56ac
 FILL mask 0xff
                0x00000000                __vectors_start__ = ABSOLUTE (.)
 *(SORT_BY_ALIGNMENT(.isr_vector))
 .isr_vector    0x00000000       0xc0 ./startup/startup_mkl46z4.o
                0x00000000                g_pfnVectors
                0x00000000                __Vectors
                0x000000c0                . = ALIGN (0x4)
                0x000000c0                __section_table_start = .
                0x000000c0                __data_section_table = .
                0x000000c0        0x4 LONG 0x56ac LOADADDR (.data)
                0x000000c4        0x4 LONG 0x1fffe080 ADDR (.data)
                0x000000c8        0x4 LONG 0x18 SIZEOF (.data)
                0x000000cc                __data_section_table_end = .
                0x000000cc                __bss_section_table = .
                0x000000cc        0x4 LONG 0x1fffe098 ADDR (.bss)
                0x000000d0        0x4 LONG 0x120 SIZEOF (.bss)
                0x000000d4                __bss_section_table_end = .
                0x000000d4                __section_table_end = .
 *(SORT_BY_ALIGNMENT(.after_vectors*))
 .after_vectors.reset
                0x000000d4       0x4c ./startup/startup_mkl46z4.o
                0x000000d4                ResetISR
 .after_vectors.init_data
                0x00000120       0x12 ./startup/startup_mkl46z4.o
                0x00000120                data_init
 .after_vectors.init_bss
                0x00000132       0x10 ./startup/startup_mkl46z4.o
                0x00000132                bss_init
 .after_vectors
                0x00000142      0x10c ./startup/startup_mkl46z4.o
                0x00000142                NMI_Handler
                0x00000146                SVC_Handler
                0x00000148                PendSV_Handler
                0x0000014a                SysTick_Handler
                0x0000014c                LPTMR0_DriverIRQHandler
                0x0000014c                PORTC_PORTD_DriverIRQHandler
                0x0000014c                SPI1_DriverIRQHandler
                0x0000014c                DMA0_DriverIRQHandler
                0x0000014c                DMA2_DriverIRQHandler
                0x0000014c                CMP0_DriverIRQHandler
                0x0000014c                I2S0_DriverIRQHandler
                0x0000014c                ADC0_DriverIRQHandler
                0x0000014c                SPI0_DriverIRQHandler
                0x0000014c                TPM2_DriverIRQHandler
                0x0000014c                DMA1_DriverIRQHandler
                0x0000014c                PIT_DriverIRQHandler
                0x0000014c                LCD_DriverIRQHandler
                0x0000014c                TSI0_DriverIRQHandler
                0x0000014c                RTC_Seconds_DriverIRQHandler
                0x0000014c                RTC_DriverIRQHandler
                0x0000014c                TPM1_DriverIRQHandler
                0x0000014c                LLWU_DriverIRQHandler
                0x0000014c                MCG_DriverIRQHandler
                0x0000014c                PORTA_DriverIRQHandler
                0x0000014c                DMA3_DriverIRQHandler
                0x0000014c                FTFA_DriverIRQHandler
                0x0000014c                IntDefaultHandler
                0x0000014c                USB0_DriverIRQHandler
                0x0000014c                DAC0_DriverIRQHandler
                0x0000014c                LVD_LVW_DriverIRQHandler
                0x0000014c                TPM0_DriverIRQHandler
                0x0000014c                Reserved20_DriverIRQHandler
                0x0000014e                DMA0_IRQHandler
                0x00000156                DMA1_IRQHandler
                0x0000015e                DMA2_IRQHandler
                0x00000166                DMA3_IRQHandler
                0x0000016e                Reserved20_IRQHandler
                0x00000176                FTFA_IRQHandler
                0x0000017e                LVD_LVW_IRQHandler
                0x00000186                LLWU_IRQHandler
                0x0000018e                I2C0_IRQHandler
                0x00000196                I2C1_IRQHandler
                0x0000019e                SPI0_IRQHandler
                0x000001a6                SPI1_IRQHandler
                0x000001ae                UART0_IRQHandler
                0x000001b6                UART1_IRQHandler
                0x000001be                UART2_IRQHandler
                0x000001c6                ADC0_IRQHandler
                0x000001ce                CMP0_IRQHandler
                0x000001d6                TPM0_IRQHandler
                0x000001de                TPM1_IRQHandler
                0x000001e6                TPM2_IRQHandler
                0x000001ee                RTC_IRQHandler
                0x000001f6                RTC_Seconds_IRQHandler
                0x00000206                I2S0_IRQHandler
                0x0000020e                USB0_IRQHandler
                0x00000216                DAC0_IRQHandler
                0x0000021e                TSI0_IRQHandler
                0x00000226                MCG_IRQHandler
                0x0000022e                LPTMR0_IRQHandler
                0x00000236                LCD_IRQHandler
                0x00000400                . = 0x400
 *fill*         0x0000024e      0x1b2 ff
                0x00000400                PROVIDE (__FLASH_CONFIG_START__ = .)
 *(SORT_BY_ALIGNMENT(.FlashConfig))
 .FlashConfig   0x00000400       0x10 ./startup/startup_mkl46z4.o
                0x00000400                Flash_Config
                0x00000410                PROVIDE (__FLASH_CONFIG_END__ = .)
                0x00000001                ASSERT (! ((__FLASH_CONFIG_START__ == __FLASH_CONFIG_END__)), Linker Flash Config Support Enabled, but no .FlashConfig section provided within application)
 *(SORT_BY_ALIGNMENT(.text*))
 .text.DbgConsole_Init
                0x00000410       0x40 ./utilities/fsl_debug_console.o
                0x00000410                DbgConsole_Init
 .text.IO_Init  0x00000450       0xc4 ./utilities/fsl_io.o
                0x00000450                IO_Init
 .text.clearStatusFlags
                0x00000514       0x30 ./source/ColorSenor.o
                0x00000514                clearStatusFlags
 .text.initI2C  0x00000544       0xe4 ./source/ColorSenor.o
                0x00000544                initI2C
 .text.TCFWait  0x00000628       0x20 ./source/ColorSenor.o
                0x00000628                TCFWait
 .text.IICIFWait
                0x00000648       0x20 ./source/ColorSenor.o
                0x00000648                IICIFWait
 .text.SendStart
                0x00000668       0x20 ./source/ColorSenor.o
                0x00000668                SendStart
 .text.RepeatStart
                0x00000688       0x38 ./source/ColorSenor.o
                0x00000688                RepeatStart
 .text.SendStop
                0x000006c0       0x30 ./source/ColorSenor.o
                0x000006c0                SendStop
 .text.clearIICIF
                0x000006f0       0x20 ./source/ColorSenor.o
                0x000006f0                clearIICIF
 .text.RxAK     0x00000710       0x24 ./source/ColorSenor.o
                0x00000710                RxAK
 .text.I2C_WriteByte
                0x00000734       0xb0 ./source/ColorSenor.o
                0x00000734                I2C_WriteByte
 .text.Read_Block
                0x000007e4      0x150 ./source/ColorSenor.o
                0x000007e4                Read_Block
 .text.colorParse
                0x00000934       0xac ./source/ColorSenor.o
                0x00000934                colorParse
 .text.colorSampler
                0x000009e0      0x11c ./source/ColorSenor.o
                0x000009e0                colorSampler
 .text.init_LineSensor
                0x00000afc      0x124 ./source/LineSensor.o
                0x00000afc                init_LineSensor
 .text.readLineSensor
                0x00000c20       0x48 ./source/LineSensor.o
                0x00000c20                readLineSensor
 .text.init_motor
                0x00000c68       0xe0 ./source/MotorControls.o
                0x00000c68                init_motor
 .text.init_left
                0x00000d48       0x7c ./source/MotorControls.o
                0x00000d48                init_left
 .text.init_right
                0x00000dc4       0x7c ./source/MotorControls.o
                0x00000dc4                init_right
 .text.motorControls
                0x00000e40      0x168 ./source/MotorControls.o
                0x00000e40                motorControls
 .text.movementStyle
                0x00000fa8      0x11c ./source/MotorControls.o
                0x00000fa8                movementStyle
 .text.main     0x000010c4      0x23c ./source/Project 5 Navigation.o
                0x000010c4                main
 .text.init_servo
                0x00001300       0xe8 ./source/ServoControl.o
                0x00001300                init_servo
 .text.init_sonar
                0x000013e8       0x70 ./source/ServoControl.o
                0x000013e8                init_sonar
 .text.__NVIC_EnableIRQ
                0x00001458       0x34 ./source/SpeedControl.o
 .text.init_encoder
                0x0000148c       0xc0 ./source/SpeedControl.o
                0x0000148c                init_encoder
 .text.PORTA_IRQHandler
                0x0000154c       0x90 ./source/SpeedControl.o
                0x0000154c                PORTA_IRQHandler
 .text.PIT_IRQHandler
                0x000015dc      0x24c ./source/SpeedControl.o
                0x000015dc                PIT_IRQHandler
 .text.init_pits
                0x00001828       0x4c ./source/SpeedControl.o
                0x00001828                init_pits
 .text.setSpeed
                0x00001874       0x6c ./source/SpeedControl.o
                0x00001874                setSpeed
 .text.__NVIC_EnableIRQ
                0x000018e0       0x34 ./source/Utilities.o
 .text.PORTC_PORTD_IRQHandler
                0x00001914       0x50 ./source/Utilities.o
                0x00001914                PORTC_PORTD_IRQHandler
 .text.init_switch
                0x00001964       0x88 ./source/Utilities.o
                0x00001964                init_switch
 .text.delayMS  0x000019ec       0x90 ./source/Utilities.o
                0x000019ec                delayMS
 .text.SW1Pressed
                0x00001a7c       0x1c ./source/Utilities.o
                0x00001a7c                SW1Pressed
 .text.SW2Pressed
                0x00001a98       0x20 ./source/Utilities.o
                0x00001a98                SW2Pressed
 .text.HardFault_Handler
                0x00001ab8       0x30 ./source/semihost_hardfault.o
                0x00001ab8                HardFault_Handler
 .text.CLOCK_SetEr32kClock
                0x00001ae8       0x34 ./drivers/fsl_clock.o
 .text.CLOCK_SetPllFllSelClock
                0x00001b1c       0x38 ./drivers/fsl_clock.o
 .text.CLOCK_GetMcgExtClkFreq
                0x00001b54       0x28 ./drivers/fsl_clock.o
 .text.CLOCK_GetFllExtRefClkFreq
                0x00001b7c       0xa4 ./drivers/fsl_clock.o
 .text.CLOCK_GetFllRefClkFreq
                0x00001c20       0x2c ./drivers/fsl_clock.o
 .text.CLOCK_GetOscRangeFromFreq
                0x00001c4c       0x4c ./drivers/fsl_clock.o
 .text.CLOCK_GetPllFllSelClkFreq
                0x00001c98       0x4c ./drivers/fsl_clock.o
                0x00001c98                CLOCK_GetPllFllSelClkFreq
 .text.CLOCK_SetSimConfig
                0x00001ce4       0x38 ./drivers/fsl_clock.o
                0x00001ce4                CLOCK_SetSimConfig
 .text.CLOCK_GetFllFreq
                0x00001d1c       0x84 ./drivers/fsl_clock.o
                0x00001d1c                CLOCK_GetFllFreq
 .text.CLOCK_GetPll0Freq
                0x00001da0       0x70 ./drivers/fsl_clock.o
                0x00001da0                CLOCK_GetPll0Freq
 .text.CLOCK_EnablePll0
                0x00001e10       0x90 ./drivers/fsl_clock.o
                0x00001e10                CLOCK_EnablePll0
 .text.CLOCK_InitOsc0
                0x00001ea0       0x94 ./drivers/fsl_clock.o
                0x00001ea0                CLOCK_InitOsc0
 .text.CLOCK_SetPbeMode
                0x00001f34       0xb0 ./drivers/fsl_clock.o
                0x00001f34                CLOCK_SetPbeMode
 .text.CLOCK_BootToPeeMode
                0x00001fe4       0x70 ./drivers/fsl_clock.o
                0x00001fe4                CLOCK_BootToPeeMode
 .text.I2C_TransferCommonIRQHandler
                0x00002054       0x54 ./drivers/fsl_i2c.o
 .text.I2C0_DriverIRQHandler
                0x000020a8       0x20 ./drivers/fsl_i2c.o
                0x000020a8                I2C0_DriverIRQHandler
 .text.I2C1_DriverIRQHandler
                0x000020c8       0x20 ./drivers/fsl_i2c.o
                0x000020c8                I2C1_DriverIRQHandler
 .text.CLOCK_EnableClock
                0x000020e8       0x34 ./drivers/fsl_lpsci.o
 .text.LPSCI_GetInstance
                0x0000211c       0x48 ./drivers/fsl_lpsci.o
                0x0000211c                LPSCI_GetInstance
 .text.LPSCI_Init
                0x00002164      0x270 ./drivers/fsl_lpsci.o
                0x00002164                LPSCI_Init
 .text.LPSCI_GetDefaultConfig
                0x000023d4       0x48 ./drivers/fsl_lpsci.o
                0x000023d4                LPSCI_GetDefaultConfig
 .text.UART0_DriverIRQHandler
                0x0000241c       0x24 ./drivers/fsl_lpsci.o
                0x0000241c                UART0_DriverIRQHandler
 .text.CLOCK_EnableClock
                0x00002440       0x34 ./drivers/fsl_uart.o
 .text.UART_GetInstance
                0x00002474       0x54 ./drivers/fsl_uart.o
                0x00002474                UART_GetInstance
 .text.UART_Init
                0x000024c8      0x1f8 ./drivers/fsl_uart.o
                0x000024c8                UART_Init
 .text.UART_GetDefaultConfig
                0x000026c0       0x48 ./drivers/fsl_uart.o
                0x000026c0                UART_GetDefaultConfig
 .text.UART1_DriverIRQHandler
                0x00002708       0x24 ./drivers/fsl_uart.o
                0x00002708                UART1_DriverIRQHandler
 .text.UART2_DriverIRQHandler
                0x0000272c       0x24 ./drivers/fsl_uart.o
                0x0000272c                UART2_DriverIRQHandler
 .text.CLOCK_SetLpsci0Clock
                0x00002750       0x38 ./board/board.o
 .text.BOARD_InitDebugConsole
                0x00002788       0x30 ./board/board.o
                0x00002788                BOARD_InitDebugConsole
 .text.CLOCK_SetSimSafeDivs
                0x000027b8       0x20 ./board/clock_config.o
 .text.CLOCK_SetXtal0Freq
                0x000027d8       0x1c ./board/clock_config.o
 .text.CLOCK_CONFIG_SetFllExtRefDiv
                0x000027f4       0x3c ./board/clock_config.o
 .text.BOARD_BootClockRUN
                0x00002830       0x58 ./board/clock_config.o
                0x00002830                BOARD_BootClockRUN
 .text.CLOCK_EnableClock
                0x00002888       0x34 ./board/pin_mux.o
 .text.PORT_SetPinConfig
                0x000028bc       0x38 ./board/pin_mux.o
 .text.BOARD_InitDEBUG_UART
                0x000028f4       0x80 ./board/pin_mux.o
                0x000028f4                BOARD_InitDEBUG_UART
 .text.SystemInit
                0x00002974       0x1c ./CMSIS/system_MKL46Z4.o
                0x00002974                SystemInit
 .text.__assertion_failed
                0x00002990       0x4c c:/nxp/mcuxpressoide_11.0.0_2516/ide/plugins/com.nxp.mcuxpresso.tools.win32_11.0.0.201905131304/tools/bin/../lib/gcc/arm-none-eabi/8.2.1/../../../../arm-none-eabi/lib/thumb/v6-m/nofp\libcr_semihost_nf.a(_cr_assert.o)
                0x00002990                __assertion_failed
 .text.__sys_appexit
                0x000029dc        0xc c:/nxp/mcuxpressoide_11.0.0_2516/ide/plugins/com.nxp.mcuxpresso.tools.win32_11.0.0.201905131304/tools/bin/../lib/gcc/arm-none-eabi/8.2.1/../../../../arm-none-eabi/lib/thumb/v6-m/nofp\libcr_semihost_nf.a(__sys_appexit.o)
                0x000029dc                __sys_appexit
                0x000029dc                __exit
 .text._deferredlazyseek
                0x000029e8       0x40 c:/nxp/mcuxpressoide_11.0.0_2516/ide/plugins/com.nxp.mcuxpresso.tools.win32_11.0.0.201905131304/tools/bin/../lib/gcc/arm-none-eabi/8.2.1/../../../../arm-none-eabi/lib/thumb/v6-m/nofp\libcr_c.a(_deferredlazyseek.o)
                0x000029e8                _deferredlazyseek
 .text.__flsbuf
                0x00002a28      0x14c c:/nxp/mcuxpressoide_11.0.0_2516/ide/plugins/com.nxp.mcuxpresso.tools.win32_11.0.0.201905131304/tools/bin/../lib/gcc/arm-none-eabi/8.2.1/../../../../arm-none-eabi/lib/thumb/v6-m/nofp\libcr_c.a(_deferredlazyseek.o)
                0x00002a28                __flsbuf
 .text._fflush  0x00002b74       0x5c c:/nxp/mcuxpressoide_11.0.0_2516/ide/plugins/com.nxp.mcuxpresso.tools.win32_11.0.0.201905131304/tools/bin/../lib/gcc/arm-none-eabi/8.2.1/../../../../arm-none-eabi/lib/thumb/v6-m/nofp\libcr_c.a(_fflush.o)
                0x00002b74                _fflush
 .text._Cwritebuf
                0x00002bd0       0x68 c:/nxp/mcuxpressoide_11.0.0_2516/ide/plugins/com.nxp.mcuxpresso.tools.win32_11.0.0.201905131304/tools/bin/../lib/gcc/arm-none-eabi/8.2.1/../../../../arm-none-eabi/lib/thumb/v6-m/nofp\libcr_c.a(_writebuf.o)
                0x00002bd0                _Cwritebuf
 .text.malloc   0x00002c38       0xcc c:/nxp/mcuxpressoide_11.0.0_2516/ide/plugins/com.nxp.mcuxpresso.tools.win32_11.0.0.201905131304/tools/bin/../lib/gcc/arm-none-eabi/8.2.1/../../../../arm-none-eabi/lib/thumb/v6-m/nofp\libcr_c.a(alloc.o)
                0x00002c38                malloc
 .text._Csys_alloc
                0x00002d04       0x20 c:/nxp/mcuxpressoide_11.0.0_2516/ide/plugins/com.nxp.mcuxpresso.tools.win32_11.0.0.201905131304/tools/bin/../lib/gcc/arm-none-eabi/8.2.1/../../../../arm-none-eabi/lib/thumb/v6-m/nofp\libcr_c.a(alloc.o)
                0x00002d04                _Csys_alloc
 .text.fseek    0x00002d24       0xf0 c:/nxp/mcuxpressoide_11.0.0_2516/ide/plugins/com.nxp.mcuxpresso.tools.win32_11.0.0.201905131304/tools/bin/../lib/gcc/arm-none-eabi/8.2.1/../../../../arm-none-eabi/lib/thumb/v6-m/nofp\libcr_c.a(fseek.o)
                0x00002d24                fseek
 .text.ftell    0x00002e14       0x48 c:/nxp/mcuxpressoide_11.0.0_2516/ide/plugins/com.nxp.mcuxpresso.tools.win32_11.0.0.201905131304/tools/bin/../lib/gcc/arm-none-eabi/8.2.1/../../../../arm-none-eabi/lib/thumb/v6-m/nofp\libcr_c.a(ftell.o)
                0x00002e14                ftell
 .text._initio  0x00002e5c       0x7c c:/nxp/mcuxpressoide_11.0.0_2516/ide/plugins/com.nxp.mcuxpresso.tools.win32_11.0.0.201905131304/tools/bin/../lib/gcc/arm-none-eabi/8.2.1/../../../../arm-none-eabi/lib/thumb/v6-m/nofp\libcr_c.a(initio.o)
                0x00002e5c                _initio
 .text.__vfprintf
                0x00002ed8      0xcd8 c:/nxp/mcuxpressoide_11.0.0_2516/ide/plugins/com.nxp.mcuxpresso.tools.win32_11.0.0.201905131304/tools/bin/../lib/gcc/arm-none-eabi/8.2.1/../../../../arm-none-eabi/lib/thumb/v6-m/nofp\libcr_c.a(printf.o)
                0x00002ed8                __vfprintf
 .text._vsnprintf
                0x00003bb0       0x70 c:/nxp/mcuxpressoide_11.0.0_2516/ide/plugins/com.nxp.mcuxpresso.tools.win32_11.0.0.201905131304/tools/bin/../lib/gcc/arm-none-eabi/8.2.1/../../../../arm-none-eabi/lib/thumb/v6-m/nofp\libcr_c.a(printf.o)
                0x00003bb0                _vsnprintf
 .text._printf  0x00003c20       0x50 c:/nxp/mcuxpressoide_11.0.0_2516/ide/plugins/com.nxp.mcuxpresso.tools.win32_11.0.0.201905131304/tools/bin/../lib/gcc/arm-none-eabi/8.2.1/../../../../arm-none-eabi/lib/thumb/v6-m/nofp\libcr_c.a(printf.o)
                0x00003c20                _printf
 .text.setvbuf  0x00003c70       0x4c c:/nxp/mcuxpressoide_11.0.0_2516/ide/plugins/com.nxp.mcuxpresso.tools.win32_11.0.0.201905131304/tools/bin/../lib/gcc/arm-none-eabi/8.2.1/../../../../arm-none-eabi/lib/thumb/v6-m/nofp\libcr_c.a(setvbuf.o)
                0x00003c70                setvbuf
 .text.strcmp   0x00003cbc       0x44 c:/nxp/mcuxpressoide_11.0.0_2516/ide/plugins/com.nxp.mcuxpresso.tools.win32_11.0.0.201905131304/tools/bin/../lib/gcc/arm-none-eabi/8.2.1/../../../../arm-none-eabi/lib/thumb/v6-m/nofp\libcr_c.a(strcmp.o)
                0x00003cbc                strcmp
 .text.strlen   0x00003d00       0x58 c:/nxp/mcuxpressoide_11.0.0_2516/ide/plugins/com.nxp.mcuxpresso.tools.win32_11.0.0.201905131304/tools/bin/../lib/gcc/arm-none-eabi/8.2.1/../../../../arm-none-eabi/lib/thumb/v6-m/nofp\libcr_c.a(strlen.o)
                0x00003d00                strlen
 .text._sbrk    0x00003d58       0x40 c:/nxp/mcuxpressoide_11.0.0_2516/ide/plugins/com.nxp.mcuxpresso.tools.win32_11.0.0.201905131304/tools/bin/../lib/gcc/arm-none-eabi/8.2.1/../../../../arm-none-eabi/lib/thumb/v6-m/nofp\libcr_c.a(_cr_sbrk.o)
                0x00003d58                _sbrk
 .text._fdopen  0x00003d98       0x74 c:/nxp/mcuxpressoide_11.0.0_2516/ide/plugins/com.nxp.mcuxpresso.tools.win32_11.0.0.201905131304/tools/bin/../lib/gcc/arm-none-eabi/8.2.1/../../../../arm-none-eabi/lib/thumb/v6-m/nofp\libcr_c.a(_fdopen.o)
                0x00003d98                _fdopen
 .text.fclose   0x00003e0c       0x5c c:/nxp/mcuxpressoide_11.0.0_2516/ide/plugins/com.nxp.mcuxpresso.tools.win32_11.0.0.201905131304/tools/bin/../lib/gcc/arm-none-eabi/8.2.1/../../../../arm-none-eabi/lib/thumb/v6-m/nofp\libcr_c.a(fclose.o)
                0x00003e0c                fclose
 .text.fflush   0x00003e68       0x44 c:/nxp/mcuxpressoide_11.0.0_2516/ide/plugins/com.nxp.mcuxpresso.tools.win32_11.0.0.201905131304/tools/bin/../lib/gcc/arm-none-eabi/8.2.1/../../../../arm-none-eabi/lib/thumb/v6-m/nofp\libcr_c.a(fflush.o)
                0x00003e68                fflush
 .text.__check_heap_overflow
                0x00003eac       0x14 c:/nxp/mcuxpressoide_11.0.0_2516/ide/plugins/com.nxp.mcuxpresso.tools.win32_11.0.0.201905131304/tools/bin/../lib/gcc/arm-none-eabi/8.2.1/../../../../arm-none-eabi/lib/thumb/v6-m/nofp\libcr_c.a(_cr_check_heap.o)
                0x00003eac                __check_heap_overflow
 .text._do_fflush
                0x00003ec0       0x44 c:/nxp/mcuxpressoide_11.0.0_2516/ide/plugins/com.nxp.mcuxpresso.tools.win32_11.0.0.201905131304/tools/bin/../lib/gcc/arm-none-eabi/8.2.1/../../../../arm-none-eabi/lib/thumb/v6-m/nofp\libcr_c.a(_do_fflush.o)
                0x00003ec0                _do_fflush
 .text.__aeabi_dmul
                0x00003f04      0x188 c:/nxp/mcuxpressoide_11.0.0_2516/ide/plugins/com.nxp.mcuxpresso.tools.win32_11.0.0.201905131304/tools/bin/../lib/gcc/arm-none-eabi/8.2.1/thumb/v6-m/nofp\libcr_eabihelpers.a(double.o)
                0x00003f04                __aeabi_dmul
 .text.__aeabi_dsub
                0x0000408c      0x1c4 c:/nxp/mcuxpressoide_11.0.0_2516/ide/plugins/com.nxp.mcuxpresso.tools.win32_11.0.0.201905131304/tools/bin/../lib/gcc/arm-none-eabi/8.2.1/thumb/v6-m/nofp\libcr_eabihelpers.a(double.o)
                0x0000408c                __aeabi_dsub
 .text.__aeabi_dadd
                0x00004250      0x12c c:/nxp/mcuxpressoide_11.0.0_2516/ide/plugins/com.nxp.mcuxpresso.tools.win32_11.0.0.201905131304/tools/bin/../lib/gcc/arm-none-eabi/8.2.1/thumb/v6-m/nofp\libcr_eabihelpers.a(double.o)
                0x00004250                __aeabi_dadd
 .text.__aeabi_d2iz
                0x0000437c       0x4c c:/nxp/mcuxpressoide_11.0.0_2516/ide/plugins/com.nxp.mcuxpresso.tools.win32_11.0.0.201905131304/tools/bin/../lib/gcc/arm-none-eabi/8.2.1/thumb/v6-m/nofp\libcr_eabihelpers.a(double.o)
                0x0000437c                __aeabi_d2iz
 .text.__aeabi_dcmpgt
                0x000043c8       0x58 c:/nxp/mcuxpressoide_11.0.0_2516/ide/plugins/com.nxp.mcuxpresso.tools.win32_11.0.0.201905131304/tools/bin/../lib/gcc/arm-none-eabi/8.2.1/thumb/v6-m/nofp\libcr_eabihelpers.a(double.o)
                0x000043c8                __aeabi_dcmpgt
 .text.UART_EnableTx
                0x00004420       0x40 ./utilities/fsl_io.o
 .text.UART_EnableRx
                0x00004460       0x40 ./utilities/fsl_io.o
 .text.LPSCI_EnableTx
                0x000044a0       0x40 ./utilities/fsl_io.o
 .text.LPSCI_EnableRx
                0x000044e0       0x40 ./utilities/fsl_io.o
 .text.LOG_Init
                0x00004520       0x3a ./utilities/fsl_log.o
                0x00004520                LOG_Init
 .text.setUpColorSensor
                0x0000455a       0x24 ./source/ColorSenor.o
                0x0000455a                setUpColorSensor
 .text.readColor
                0x0000457e      0x12e ./source/ColorSenor.o
                0x0000457e                readColor
 .text.OSC_SetExtRefClkConfig
                0x000046ac       0x3e ./drivers/fsl_clock.o
 .text.OSC_SetCapLoad
                0x000046ea       0x42 ./drivers/fsl_clock.o
 .text.CLOCK_GetPll0RefFreq
                0x0000472c       0x10 ./drivers/fsl_clock.o
 .text.CLOCK_SetExternalRefClkConfig
                0x0000473c       0x16 ./drivers/fsl_clock.o
                0x0000473c                CLOCK_SetExternalRefClkConfig
 .text.BOARD_InitBootClocks
                0x00004752        0xe ./board/clock_config.o
                0x00004752                BOARD_InitBootClocks
 .text.BOARD_InitPeripherals
                0x00004760        0xa ./board/peripherals.o
                0x00004760                BOARD_InitPeripherals
 .text.BOARD_InitBootPeripherals
                0x0000476a        0xe ./board/peripherals.o
                0x0000476a                BOARD_InitBootPeripherals
 .text.BOARD_InitBootPins
                0x00004778       0x12 ./board/pin_mux.o
                0x00004778                BOARD_InitBootPins
 .text.BOARD_InitPins
                0x0000478a        0xa ./board/pin_mux.o
                0x0000478a                BOARD_InitPins
 .text.SystemInitHook
                0x00004794        0xa ./CMSIS/system_MKL46Z4.o
                0x00004794                SystemInitHook
 .text.__main   0x0000479e        0xc c:/nxp/mcuxpressoide_11.0.0_2516/ide/plugins/com.nxp.mcuxpresso.tools.win32_11.0.0.201905131304/tools/bin/../lib/gcc/arm-none-eabi/8.2.1/../../../../arm-none-eabi/lib/thumb/v6-m/nofp\libcr_semihost_nf.a(_cr__main.o)
                0x0000479e                __CR_SEMIHOST
                0x0000479e                __main
 .text.memcpy   0x000047aa        0x8 c:/nxp/mcuxpressoide_11.0.0_2516/ide/plugins/com.nxp.mcuxpresso.tools.win32_11.0.0.201905131304/tools/bin/../lib/gcc/arm-none-eabi/8.2.1/../../../../arm-none-eabi/lib/thumb/v6-m/nofp\libcr_c.a(memcpy.o)
                0x000047aa                memcpy
 .text.memset   0x000047b2        0x8 c:/nxp/mcuxpressoide_11.0.0_2516/ide/plugins/com.nxp.mcuxpresso.tools.win32_11.0.0.201905131304/tools/bin/../lib/gcc/arm-none-eabi/8.2.1/../../../../arm-none-eabi/lib/thumb/v6-m/nofp\libcr_c.a(memset.o)
                0x000047b2                memset
 .text.free     0x000047ba       0x2c c:/nxp/mcuxpressoide_11.0.0_2516/ide/plugins/com.nxp.mcuxpresso.tools.win32_11.0.0.201905131304/tools/bin/../lib/gcc/arm-none-eabi/8.2.1/../../../../arm-none-eabi/lib/thumb/v6-m/nofp\libcr_c.a(alloc.o)
                0x000047ba                free
 .text.fputs    0x000047e6       0x2e c:/nxp/mcuxpressoide_11.0.0_2516/ide/plugins/com.nxp.mcuxpresso.tools.win32_11.0.0.201905131304/tools/bin/../lib/gcc/arm-none-eabi/8.2.1/../../../../arm-none-eabi/lib/thumb/v6-m/nofp\libcr_c.a(fputs.o)
                0x000047e6                fputs
 .text.no_fp_display
                0x00004814        0x4 c:/nxp/mcuxpressoide_11.0.0_2516/ide/plugins/com.nxp.mcuxpresso.tools.win32_11.0.0.201905131304/tools/bin/../lib/gcc/arm-none-eabi/8.2.1/../../../../arm-none-eabi/lib/thumb/v6-m/nofp\libcr_c.a(printf.o)
 .text.abs      0x00004818        0x8 c:/nxp/mcuxpressoide_11.0.0_2516/ide/plugins/com.nxp.mcuxpresso.tools.win32_11.0.0.201905131304/tools/bin/../lib/gcc/arm-none-eabi/8.2.1/../../../../arm-none-eabi/lib/thumb/v6-m/nofp\libcr_c.a(stdlib.o)
                0x00004818                abs
 .text.remove   0x00004820       0x12 c:/nxp/mcuxpressoide_11.0.0_2516/ide/plugins/com.nxp.mcuxpresso.tools.win32_11.0.0.201905131304/tools/bin/../lib/gcc/arm-none-eabi/8.2.1/../../../../arm-none-eabi/lib/thumb/v6-m/nofp\libcr_c.a(remove.o)
                0x00004820                remove
 .text.__aeabi_division_idivmod
                0x00004832       0x78 c:/nxp/mcuxpressoide_11.0.0_2516/ide/plugins/com.nxp.mcuxpresso.tools.win32_11.0.0.201905131304/tools/bin/../lib/gcc/arm-none-eabi/8.2.1/thumb/v6-m/nofp\libcr_eabihelpers.a(division_32.o)
                0x00004832                __aeabi_idivmod
                0x00004832                __aeabi_idiv
                0x00004838                __aeabi_uidivmod
                0x00004838                __aeabi_uidiv
 .text.__aeabi_division_idiv0
                0x000048aa        0x2 c:/nxp/mcuxpressoide_11.0.0_2516/ide/plugins/com.nxp.mcuxpresso.tools.win32_11.0.0.201905131304/tools/bin/../lib/gcc/arm-none-eabi/8.2.1/thumb/v6-m/nofp\libcr_eabihelpers.a(division_idiv0.o)
                0x000048aa                __aeabi_idiv0
 .text.__bhs_ui2d
                0x000048ac       0x5e c:/nxp/mcuxpressoide_11.0.0_2516/ide/plugins/com.nxp.mcuxpresso.tools.win32_11.0.0.201905131304/tools/bin/../lib/gcc/arm-none-eabi/8.2.1/thumb/v6-m/nofp\libcr_eabihelpers.a(double.o)
                0x000048ac                __bhs_ui2d
 .text.__aeabi_i2d
                0x0000490a       0x18 c:/nxp/mcuxpressoide_11.0.0_2516/ide/plugins/com.nxp.mcuxpresso.tools.win32_11.0.0.201905131304/tools/bin/../lib/gcc/arm-none-eabi/8.2.1/thumb/v6-m/nofp\libcr_eabihelpers.a(double.o)
                0x0000490a                __aeabi_i2d
 .text.__aeabi_llong_lmul
                0x00004922       0x2e c:/nxp/mcuxpressoide_11.0.0_2516/ide/plugins/com.nxp.mcuxpresso.tools.win32_11.0.0.201905131304/tools/bin/../lib/gcc/arm-none-eabi/8.2.1/thumb/v6-m/nofp\libcr_eabihelpers.a(llong.o)
                0x00004922                __aeabi_lmul
 .text.__aeabi_memcpy
                0x00004950       0x2c c:/nxp/mcuxpressoide_11.0.0_2516/ide/plugins/com.nxp.mcuxpresso.tools.win32_11.0.0.201905131304/tools/bin/../lib/gcc/arm-none-eabi/8.2.1/thumb/v6-m/nofp\libcr_eabihelpers.a(memcpy.o)
                0x00004950                __aeabi_memcpy4
                0x00004950                __aeabi_memcpy8
                0x00004950                __aeabi_memcpy
 .text.__aeabi_memset_lowlevel
                0x0000497c       0x2a c:/nxp/mcuxpressoide_11.0.0_2516/ide/plugins/com.nxp.mcuxpresso.tools.win32_11.0.0.201905131304/tools/bin/../lib/gcc/arm-none-eabi/8.2.1/thumb/v6-m/nofp\libcr_eabihelpers.a(memcpy.o)
                0x0000497c                __aeabi_lowlevel_memset
 .text.__sys_close
                0x000049a6        0xc c:/nxp/mcuxpressoide_11.0.0_2516/ide/plugins/com.nxp.mcuxpresso.tools.win32_11.0.0.201905131304/tools/bin/../lib/gcc/arm-none-eabi/8.2.1/../../../../arm-none-eabi/lib/thumb/v6-m/nofp\libcr_semihost_nf.a(__sys_close.o)
                0x000049a6                __sys_close
 .text.__sys_flen
                0x000049b2        0xc c:/nxp/mcuxpressoide_11.0.0_2516/ide/plugins/com.nxp.mcuxpresso.tools.win32_11.0.0.201905131304/tools/bin/../lib/gcc/arm-none-eabi/8.2.1/../../../../arm-none-eabi/lib/thumb/v6-m/nofp\libcr_semihost_nf.a(__sys_flen.o)
                0x000049b2                __sys_flen
 .text.__sys_istty
                0x000049be        0xc c:/nxp/mcuxpressoide_11.0.0_2516/ide/plugins/com.nxp.mcuxpresso.tools.win32_11.0.0.201905131304/tools/bin/../lib/gcc/arm-none-eabi/8.2.1/../../../../arm-none-eabi/lib/thumb/v6-m/nofp\libcr_semihost_nf.a(__sys_istty.o)
                0x000049be                __sys_istty
 .text.__sys_remove
                0x000049ca        0xc c:/nxp/mcuxpressoide_11.0.0_2516/ide/plugins/com.nxp.mcuxpresso.tools.win32_11.0.0.201905131304/tools/bin/../lib/gcc/arm-none-eabi/8.2.1/../../../../arm-none-eabi/lib/thumb/v6-m/nofp\libcr_semihost_nf.a(__sys_remove.o)
                0x000049ca                __sys_remove
 .text.__sys_seek
                0x000049d6        0xc c:/nxp/mcuxpressoide_11.0.0_2516/ide/plugins/com.nxp.mcuxpresso.tools.win32_11.0.0.201905131304/tools/bin/../lib/gcc/arm-none-eabi/8.2.1/../../../../arm-none-eabi/lib/thumb/v6-m/nofp\libcr_semihost_nf.a(__sys_seek.o)
                0x000049d6                __sys_seek
 .text.__sys_tmpnam
                0x000049e2        0xc c:/nxp/mcuxpressoide_11.0.0_2516/ide/plugins/com.nxp.mcuxpresso.tools.win32_11.0.0.201905131304/tools/bin/../lib/gcc/arm-none-eabi/8.2.1/../../../../arm-none-eabi/lib/thumb/v6-m/nofp\libcr_semihost_nf.a(__sys_tmpnam.o)
                0x000049e2                __sys_tmpnam
 .text.__sys_write
                0x000049ee        0xc c:/nxp/mcuxpressoide_11.0.0_2516/ide/plugins/com.nxp.mcuxpresso.tools.win32_11.0.0.201905131304/tools/bin/../lib/gcc/arm-none-eabi/8.2.1/../../../../arm-none-eabi/lib/thumb/v6-m/nofp\libcr_semihost_nf.a(__sys_write.o)
                0x000049ee                __sys_write
 *(SORT_BY_ALIGNMENT(.rodata) SORT_BY_ALIGNMENT(.rodata.*) SORT_BY_ALIGNMENT(.constdata) SORT_BY_ALIGNMENT(.constdata.*))
 *fill*         0x000049fa        0x2 ff
 .rodata        0x000049fc       0x50 ./utilities/fsl_debug_console.o
 .rodata        0x00004a4c       0x27 ./utilities/fsl_io.o
 *fill*         0x00004a73        0x1 ff
 .rodata        0x00004a74       0x89 ./source/ColorSenor.o
 *fill*         0x00004afd        0x3 ff
 .rodata        0x00004b00        0x6 ./source/LineSensor.o
 *fill*         0x00004b06        0x2 ff
 .rodata        0x00004b08       0x47 ./source/MotorControls.o
 *fill*         0x00004b4f        0x1 ff
 .rodata        0x00004b50       0x51 ./source/Project 5 Navigation.o
 *fill*         0x00004ba1        0x3 ff
 .rodata        0x00004ba4       0x1e ./source/SpeedControl.o
 *fill*         0x00004bc2        0x2 ff
 .rodata        0x00004bc4        0x5 ./source/Utilities.o
 *fill*         0x00004bc9        0x3 ff
 .rodata        0x00004bcc      0x11d ./drivers/fsl_clock.o
 *fill*         0x00004ce9        0x3 ff
 .rodata.fllFactorTable.5423
                0x00004cec       0x10 ./drivers/fsl_clock.o
 .rodata        0x00004cfc      0x48c ./drivers/fsl_lpsci.o
 .rodata.s_uartBases
                0x00005188        0xc ./drivers/fsl_uart.o
 .rodata.s_uartClock
                0x00005194        0xc ./drivers/fsl_uart.o
 .rodata        0x000051a0      0x45b ./drivers/fsl_uart.o
 *fill*         0x000055fb        0x1 ff
 .rodata.mcgConfig_BOARD_BootClockRUN
                0x000055fc        0xa ./board/clock_config.o
                0x000055fc                mcgConfig_BOARD_BootClockRUN
 *fill*         0x00005606        0x2 ff
 .rodata.simConfig_BOARD_BootClockRUN
                0x00005608        0x8 ./board/clock_config.o
                0x00005608                simConfig_BOARD_BootClockRUN
 .rodata.oscConfig_BOARD_BootClockRUN
                0x00005610        0x8 ./board/clock_config.o
                0x00005610                oscConfig_BOARD_BootClockRUN
 .rodata        0x00005618       0x26 ./board/pin_mux.o
 *fill*         0x0000563e        0x2 ff
 .rodata.__num_Ciob_streams
                0x00005640        0x4 c:/nxp/mcuxpressoide_11.0.0_2516/ide/plugins/com.nxp.mcuxpresso.tools.win32_11.0.0.201905131304/tools/bin/../lib/gcc/arm-none-eabi/8.2.1/../../../../arm-none-eabi/lib/thumb/v6-m/nofp\libcr_semihost_nf.a(__ciob.o)
                0x00005640                __num_Ciob_streams
 .rodata.__assertion_failed.str1.1
                0x00005644       0x15 c:/nxp/mcuxpressoide_11.0.0_2516/ide/plugins/com.nxp.mcuxpresso.tools.win32_11.0.0.201905131304/tools/bin/../lib/gcc/arm-none-eabi/8.2.1/../../../../arm-none-eabi/lib/thumb/v6-m/nofp\libcr_semihost_nf.a(_cr_assert.o)
 .rodata._Csys_alloc.str1.1
                0x00005659       0x18 c:/nxp/mcuxpressoide_11.0.0_2516/ide/plugins/com.nxp.mcuxpresso.tools.win32_11.0.0.201905131304/tools/bin/../lib/gcc/arm-none-eabi/8.2.1/../../../../arm-none-eabi/lib/thumb/v6-m/nofp\libcr_c.a(alloc.o)
 .rodata._initio.str1.1
                0x00005671        0x4 c:/nxp/mcuxpressoide_11.0.0_2516/ide/plugins/com.nxp.mcuxpresso.tools.win32_11.0.0.201905131304/tools/bin/../lib/gcc/arm-none-eabi/8.2.1/../../../../arm-none-eabi/lib/thumb/v6-m/nofp\libcr_c.a(initio.o)
 .rodata.__vfprintf.str1.1
                0x00005675       0x35 c:/nxp/mcuxpressoide_11.0.0_2516/ide/plugins/com.nxp.mcuxpresso.tools.win32_11.0.0.201905131304/tools/bin/../lib/gcc/arm-none-eabi/8.2.1/../../../../arm-none-eabi/lib/thumb/v6-m/nofp\libcr_c.a(printf.o)
                                 0x38 (size before relaxing)
                0x000056ac                . = ALIGN (0x4)
 *fill*         0x000056aa        0x2 ff

.glue_7         0x000056ac        0x0
 .glue_7        0x000056ac        0x0 linker stubs

.glue_7t        0x000056ac        0x0
 .glue_7t       0x000056ac        0x0 linker stubs

.vfp11_veneer   0x000056ac        0x0
 .vfp11_veneer  0x000056ac        0x0 linker stubs

.v4_bx          0x000056ac        0x0
 .v4_bx         0x000056ac        0x0 linker stubs

.iplt           0x000056ac        0x0
 .iplt          0x000056ac        0x0 ./utilities/fsl_debug_console.o

.rel.dyn        0x000056ac        0x0
 .rel.iplt      0x000056ac        0x0 ./utilities/fsl_debug_console.o

.ARM.extab
 *(SORT_BY_ALIGNMENT(.ARM.extab*) SORT_BY_ALIGNMENT(.gnu.linkonce.armextab.*))
                0x000056ac                __exidx_start = .

.ARM.exidx
 *(SORT_BY_ALIGNMENT(.ARM.exidx*) SORT_BY_ALIGNMENT(.gnu.linkonce.armexidx.*))
                0x000056ac                __exidx_end = .
                0x000056ac                _etext = .

.m_usb_data
 *(SORT_BY_ALIGNMENT(m_usb_bdt))

.mtb_buffer_default
                0x1fffe000       0x80
 *(SORT_BY_ALIGNMENT(.mtb*))
 .mtb.$RAM1     0x1fffe000       0x80 ./source/mtb.o
                0x1fffe000                __mtb_buffer__

.uninit_RESERVED
                0x1fffe080        0x0
                0x1fffe080                . = ALIGN (0x4)
 *(SORT_BY_ALIGNMENT(.bss.$RESERVED*))
                0x1fffe080                . = ALIGN (0x4)
                0x1fffe080                _end_uninit_RESERVED = .

.data           0x1fffe080       0x18 load address 0x000056ac
 FILL mask 0xff
                0x1fffe080                _data = .
 *(SORT_BY_ALIGNMENT(vtable))
 *(SORT_BY_ALIGNMENT(.ramfunc*))
 *(SORT_BY_ALIGNMENT(.data*))
 .data.Kp       0x1fffe080        0x8 ./source/SpeedControl.o
                0x1fffe080                Kp
 .data.Ki       0x1fffe088        0x8 ./source/SpeedControl.o
                0x1fffe088                Ki
 .data.s_slowIrcFreq
                0x1fffe090        0x4 ./drivers/fsl_clock.o
 .data.SystemCoreClock
                0x1fffe094        0x4 ./CMSIS/system_MKL46Z4.o
                0x1fffe094                SystemCoreClock
                0x1fffe098                . = ALIGN (0x4)
                0x1fffe098                _edata = .

.igot.plt       0x1fffe098        0x0 load address 0x000056c4
 .igot.plt      0x1fffe098        0x0 ./utilities/fsl_debug_console.o

.bss            0x1fffe098      0x120 load address 0x000056c4
                0x1fffe098                . = ALIGN (0x4)
                0x1fffe098                _bss = .
 *(SORT_BY_ALIGNMENT(.bss*))
 .bss.leftTotalError
                0x1fffe098        0x8 ./source/SpeedControl.o
                0x1fffe098                leftTotalError
 .bss.rightTotalError
                0x1fffe0a0        0x8 ./source/SpeedControl.o
                0x1fffe0a0                rightTotalError
 .bss.s_debugConsoleIO
                0x1fffe0a8        0x8 ./utilities/fsl_io.o
 .bss.leftCount
                0x1fffe0b0        0x4 ./source/SpeedControl.o
                0x1fffe0b0                leftCount
 .bss.rightCount
                0x1fffe0b4        0x4 ./source/SpeedControl.o
                0x1fffe0b4                rightCount
 .bss.leftPrevCount
                0x1fffe0b8        0x4 ./source/SpeedControl.o
                0x1fffe0b8                leftPrevCount
 .bss.rightPrevCount
                0x1fffe0bc        0x4 ./source/SpeedControl.o
                0x1fffe0bc                rightPrevCount
 .bss.leftSetSpeed
                0x1fffe0c0        0x4 ./source/SpeedControl.o
                0x1fffe0c0                leftSetSpeed
 .bss.rightSetSpeed
                0x1fffe0c4        0x4 ./source/SpeedControl.o
                0x1fffe0c4                rightSetSpeed
 .bss.g_xtal0Freq
                0x1fffe0c8        0x4 ./drivers/fsl_clock.o
                0x1fffe0c8                g_xtal0Freq
 .bss.s_i2cHandle
                0x1fffe0cc        0x8 ./drivers/fsl_i2c.o
 .bss.s_i2cMasterIsr
                0x1fffe0d4        0x4 ./drivers/fsl_i2c.o
 .bss.s_i2cSlaveIsr
                0x1fffe0d8        0x4 ./drivers/fsl_i2c.o
 .bss.s_lpsciHandle
                0x1fffe0dc        0x4 ./drivers/fsl_lpsci.o
 .bss.s_lpsciIsr
                0x1fffe0e0        0x4 ./drivers/fsl_lpsci.o
 .bss.s_uartHandle
                0x1fffe0e4        0xc ./drivers/fsl_uart.o
 .bss.s_uartIsr
                0x1fffe0f0        0x4 ./drivers/fsl_uart.o
 .bss.__Ciob    0x1fffe0f4       0xb4 c:/nxp/mcuxpressoide_11.0.0_2516/ide/plugins/com.nxp.mcuxpresso.tools.win32_11.0.0.201905131304/tools/bin/../lib/gcc/arm-none-eabi/8.2.1/../../../../arm-none-eabi/lib/thumb/v6-m/nofp\libcr_semihost_nf.a(__ciob.o)
                0x1fffe0f4                __Ciob
 .bss.__end_of_heap
                0x1fffe1a8        0x4 c:/nxp/mcuxpressoide_11.0.0_2516/ide/plugins/com.nxp.mcuxpresso.tools.win32_11.0.0.201905131304/tools/bin/../lib/gcc/arm-none-eabi/8.2.1/../../../../arm-none-eabi/lib/thumb/v6-m/nofp\libcr_c.a(__init_alloc.o)
                0x1fffe1a8                __end_of_heap
 .bss.__heaps   0x1fffe1ac        0x4 c:/nxp/mcuxpressoide_11.0.0_2516/ide/plugins/com.nxp.mcuxpresso.tools.win32_11.0.0.201905131304/tools/bin/../lib/gcc/arm-none-eabi/8.2.1/../../../../arm-none-eabi/lib/thumb/v6-m/nofp\libcr_c.a(__init_alloc.o)
                0x1fffe1ac                __heaps
 .bss.errno     0x1fffe1b0        0x4 c:/nxp/mcuxpressoide_11.0.0_2516/ide/plugins/com.nxp.mcuxpresso.tools.win32_11.0.0.201905131304/tools/bin/../lib/gcc/arm-none-eabi/8.2.1/../../../../arm-none-eabi/lib/thumb/v6-m/nofp\libcr_c.a(errno.o)
                0x1fffe1b0                errno
 .bss.cal_v     0x1fffe1b4        0x2 ./source/LineSensor.o
                0x1fffe1b4                cal_v
 *(SORT_BY_ALIGNMENT(COMMON))
                0x1fffe1b8                . = ALIGN (0x4)
 *fill*         0x1fffe1b6        0x2 
                0x1fffe1b8                _ebss = .
                [!provide]                PROVIDE (end = .)

.noinit         0x1fffe1b8        0x0 load address 0x000056c4
                0x1fffe1b8                . = ALIGN (0x4)
                0x1fffe1b8                _noinit = .
 *(SORT_BY_ALIGNMENT(.noinit*))
                0x1fffe1b8                . = ALIGN (0x4)
                0x1fffe1b8                _end_noinit = .
                0x00000800                _HeapSize = 0x800

.heap           0x1fffe1b8      0x800 load address 0x000056c4
                0x1fffe1b8                _pvHeapStart = .
                0x1fffe9b8                . = (. + _HeapSize)
 *fill*         0x1fffe1b8      0x800 
                0x1fffe9b8                . = ALIGN (0x4)
                0x1fffe9b8                _pvHeapLimit = .
                0x00000800                _StackSize = 0x800

.heap2stackfill
                0x1fffe9b8      0x800 load address 0x000056c4
                0x1ffff1b8                . = (. + _StackSize)
 *fill*         0x1fffe9b8      0x800 

.stack          0x20005800        0x0
                0x20005800                _vStackBase = .
                0x20005800                . = ALIGN (0x4)
                0x20006000                _vStackTop = (. + _StackSize)
                0x00000000                _image_start = LOADADDR (.text)
                0x000056c4                _image_end = (LOADADDR (.data) + SIZEOF (.data))
                0x000056c4                _image_size = (_image_end - _image_start)
OUTPUT(Project 5 Navigation.axf elf32-littlearm)

.debug_info     0x00000000     0xedd1
 .debug_info    0x00000000      0x2d0 ./utilities/fsl_debug_console.o
 .debug_info    0x000002d0      0x922 ./utilities/fsl_io.o
 .debug_info    0x00000bf2      0x351 ./utilities/fsl_log.o
 .debug_info    0x00000f43      0x4df ./startup/startup_mkl46z4.o
 .debug_info    0x00001422      0xbbd ./source/ColorSenor.o
 .debug_info    0x00001fdf      0xc0e ./source/LineSensor.o
 .debug_info    0x00002bed      0xb17 ./source/MotorControls.o
 .debug_info    0x00003704      0x71d ./source/Project 5 Navigation.o
 .debug_info    0x00003e21      0xb03 ./source/ServoControl.o
 .debug_info    0x00004924      0xfaa ./source/SpeedControl.o
 .debug_info    0x000058ce      0xd1b ./source/Utilities.o
 .debug_info    0x000065e9       0x53 ./source/mtb.o
 .debug_info    0x0000663c       0x3c ./source/semihost_hardfault.o
 .debug_info    0x00006678     0x1ac8 ./drivers/fsl_clock.o
 .debug_info    0x00008140     0x1afd ./drivers/fsl_i2c.o
 .debug_info    0x00009c3d     0x1508 ./drivers/fsl_lpsci.o
 .debug_info    0x0000b145     0x14a9 ./drivers/fsl_uart.o
 .debug_info    0x0000c5ee      0x80b ./board/board.o
 .debug_info    0x0000cdf9      0xb45 ./board/clock_config.o
 .debug_info    0x0000d93e      0x58b ./board/peripherals.o
 .debug_info    0x0000dec9      0xac2 ./board/pin_mux.o
 .debug_info    0x0000e98b      0x446 ./CMSIS/system_MKL46Z4.o

.debug_abbrev   0x00000000     0x2b56
 .debug_abbrev  0x00000000      0x112 ./utilities/fsl_debug_console.o
 .debug_abbrev  0x00000112      0x20f ./utilities/fsl_io.o
 .debug_abbrev  0x00000321      0x197 ./utilities/fsl_log.o
 .debug_abbrev  0x000004b8      0x18d ./startup/startup_mkl46z4.o
 .debug_abbrev  0x00000645      0x28b ./source/ColorSenor.o
 .debug_abbrev  0x000008d0      0x1c0 ./source/LineSensor.o
 .debug_abbrev  0x00000a90      0x1bf ./source/MotorControls.o
 .debug_abbrev  0x00000c4f      0x16b ./source/Project 5 Navigation.o
 .debug_abbrev  0x00000dba      0x1ec ./source/ServoControl.o
 .debug_abbrev  0x00000fa6      0x251 ./source/SpeedControl.o
 .debug_abbrev  0x000011f7      0x23e ./source/Utilities.o
 .debug_abbrev  0x00001435       0x46 ./source/mtb.o
 .debug_abbrev  0x0000147b       0x31 ./source/semihost_hardfault.o
 .debug_abbrev  0x000014ac      0x363 ./drivers/fsl_clock.o
 .debug_abbrev  0x0000180f      0x38e ./drivers/fsl_i2c.o
 .debug_abbrev  0x00001b9d      0x325 ./drivers/fsl_lpsci.o
 .debug_abbrev  0x00001ec2      0x325 ./drivers/fsl_uart.o
 .debug_abbrev  0x000021e7      0x1a7 ./board/board.o
 .debug_abbrev  0x0000238e      0x1f7 ./board/clock_config.o
 .debug_abbrev  0x00002585      0x194 ./board/peripherals.o
 .debug_abbrev  0x00002719      0x2cd ./board/pin_mux.o
 .debug_abbrev  0x000029e6      0x170 ./CMSIS/system_MKL46Z4.o

.debug_aranges  0x00000000      0xbc8
 .debug_aranges
                0x00000000       0x30 ./utilities/fsl_debug_console.o
 .debug_aranges
                0x00000030       0x58 ./utilities/fsl_io.o
 .debug_aranges
                0x00000088       0x58 ./utilities/fsl_log.o
 .debug_aranges
                0x000000e0      0x160 ./startup/startup_mkl46z4.o
 .debug_aranges
                0x00000240       0x90 ./source/ColorSenor.o
 .debug_aranges
                0x000002d0       0x28 ./source/LineSensor.o
 .debug_aranges
                0x000002f8       0x40 ./source/MotorControls.o
 .debug_aranges
                0x00000338       0x20 ./source/Project 5 Navigation.o
 .debug_aranges
                0x00000358       0x38 ./source/ServoControl.o
 .debug_aranges
                0x00000390       0x48 ./source/SpeedControl.o
 .debug_aranges
                0x000003d8       0x50 ./source/Utilities.o
 .debug_aranges
                0x00000428       0x18 ./source/mtb.o
 .debug_aranges
                0x00000440       0x20 ./source/semihost_hardfault.o
 .debug_aranges
                0x00000460      0x1d8 ./drivers/fsl_clock.o
 .debug_aranges
                0x00000638      0x178 ./drivers/fsl_i2c.o
 .debug_aranges
                0x000007b0      0x118 ./drivers/fsl_lpsci.o
 .debug_aranges
                0x000008c8      0x130 ./drivers/fsl_uart.o
 .debug_aranges
                0x000009f8       0x28 ./board/board.o
 .debug_aranges
                0x00000a20       0x58 ./board/clock_config.o
 .debug_aranges
                0x00000a78       0x98 ./board/peripherals.o
 .debug_aranges
                0x00000b10       0x88 ./board/pin_mux.o
 .debug_aranges
                0x00000b98       0x30 ./CMSIS/system_MKL46Z4.o

.debug_ranges   0x00000000      0xa60
 .debug_ranges  0x00000000       0x20 ./utilities/fsl_debug_console.o
 .debug_ranges  0x00000020       0x48 ./utilities/fsl_io.o
 .debug_ranges  0x00000068       0x48 ./utilities/fsl_log.o
 .debug_ranges  0x000000b0      0x150 ./startup/startup_mkl46z4.o
 .debug_ranges  0x00000200       0x80 ./source/ColorSenor.o
 .debug_ranges  0x00000280       0x18 ./source/LineSensor.o
 .debug_ranges  0x00000298       0x30 ./source/MotorControls.o
 .debug_ranges  0x000002c8       0x10 ./source/Project 5 Navigation.o
 .debug_ranges  0x000002d8       0x28 ./source/ServoControl.o
 .debug_ranges  0x00000300       0x38 ./source/SpeedControl.o
 .debug_ranges  0x00000338       0x40 ./source/Utilities.o
 .debug_ranges  0x00000378       0x10 ./source/semihost_hardfault.o
 .debug_ranges  0x00000388      0x1c8 ./drivers/fsl_clock.o
 .debug_ranges  0x00000550      0x168 ./drivers/fsl_i2c.o
 .debug_ranges  0x000006b8      0x108 ./drivers/fsl_lpsci.o
 .debug_ranges  0x000007c0      0x120 ./drivers/fsl_uart.o
 .debug_ranges  0x000008e0       0x18 ./board/board.o
 .debug_ranges  0x000008f8       0x48 ./board/clock_config.o
 .debug_ranges  0x00000940       0x88 ./board/peripherals.o
 .debug_ranges  0x000009c8       0x78 ./board/pin_mux.o
 .debug_ranges  0x00000a40       0x20 ./CMSIS/system_MKL46Z4.o

.debug_macro    0x00000000     0xd2be
 .debug_macro   0x00000000      0x139 ./utilities/fsl_debug_console.o
 .debug_macro   0x00000139      0xaa8 ./utilities/fsl_debug_console.o
 .debug_macro   0x00000be1       0x10 ./utilities/fsl_debug_console.o
 .debug_macro   0x00000bf1       0x16 ./utilities/fsl_debug_console.o
 .debug_macro   0x00000c07       0x10 ./utilities/fsl_debug_console.o
 .debug_macro   0x00000c17      0x12e ./utilities/fsl_debug_console.o
 .debug_macro   0x00000d45       0x28 ./utilities/fsl_debug_console.o
 .debug_macro   0x00000d6d       0x16 ./utilities/fsl_debug_console.o
 .debug_macro   0x00000d83       0x22 ./utilities/fsl_debug_console.o
 .debug_macro   0x00000da5      0x5b3 ./utilities/fsl_debug_console.o
 .debug_macro   0x00001358       0x10 ./utilities/fsl_debug_console.o
 .debug_macro   0x00001368       0x3f ./utilities/fsl_debug_console.o
 .debug_macro   0x000013a7       0x1c ./utilities/fsl_debug_console.o
 .debug_macro   0x000013c3       0x22 ./utilities/fsl_debug_console.o
 .debug_macro   0x000013e5       0xb5 ./utilities/fsl_debug_console.o
 .debug_macro   0x0000149a      0x37c ./utilities/fsl_debug_console.o
 .debug_macro   0x00001816       0x38 ./utilities/fsl_debug_console.o
 .debug_macro   0x0000184e     0x87f8 ./utilities/fsl_debug_console.o
 .debug_macro   0x0000a046     0x121a ./utilities/fsl_debug_console.o
 .debug_macro   0x0000b260       0x52 ./utilities/fsl_debug_console.o
 .debug_macro   0x0000b2b2      0x10a ./utilities/fsl_debug_console.o
 .debug_macro   0x0000b3bc       0x74 ./utilities/fsl_debug_console.o
 .debug_macro   0x0000b430       0xd2 ./utilities/fsl_debug_console.o
 .debug_macro   0x0000b502       0x1c ./utilities/fsl_debug_console.o
 .debug_macro   0x0000b51e       0x50 ./utilities/fsl_debug_console.o
 .debug_macro   0x0000b56e      0x123 ./utilities/fsl_io.o
 .debug_macro   0x0000b691       0x1c ./utilities/fsl_io.o
 .debug_macro   0x0000b6ad       0x22 ./utilities/fsl_io.o
 .debug_macro   0x0000b6cf       0x10 ./utilities/fsl_io.o
 .debug_macro   0x0000b6df       0x10 ./utilities/fsl_io.o
 .debug_macro   0x0000b6ef      0x147 ./utilities/fsl_log.o
 .debug_macro   0x0000b836       0x29 ./startup/startup_mkl46z4.o
 .debug_macro   0x0000b85f      0x17b ./source/ColorSenor.o
 .debug_macro   0x0000b9da       0xd8 ./source/ColorSenor.o
 .debug_macro   0x0000bab2       0x16 ./source/ColorSenor.o
 .debug_macro   0x0000bac8       0x10 ./source/ColorSenor.o
 .debug_macro   0x0000bad8      0x15b ./source/ColorSenor.o
 .debug_macro   0x0000bc33       0x16 ./source/ColorSenor.o
 .debug_macro   0x0000bc49       0x1c ./source/ColorSenor.o
 .debug_macro   0x0000bc65       0x4c ./source/ColorSenor.o
 .debug_macro   0x0000bcb1      0x1c9 ./source/ColorSenor.o
 .debug_macro   0x0000be7a       0x22 ./source/ColorSenor.o
 .debug_macro   0x0000be9c      0x167 ./source/LineSensor.o
 .debug_macro   0x0000c003      0x185 ./source/MotorControls.o
 .debug_macro   0x0000c188      0x1a3 ./source/Project 5 Navigation.o
 .debug_macro   0x0000c32b      0x171 ./source/ServoControl.o
 .debug_macro   0x0000c49c      0x171 ./source/SpeedControl.o
 .debug_macro   0x0000c60d      0x18f ./source/Utilities.o
 .debug_macro   0x0000c79c       0x2f ./source/mtb.o
 .debug_macro   0x0000c7cb       0x82 ./source/mtb.o
 .debug_macro   0x0000c84d       0x10 ./source/mtb.o
 .debug_macro   0x0000c85d       0x11 ./source/semihost_hardfault.o
 .debug_macro   0x0000c86e      0x1b8 ./drivers/fsl_clock.o
 .debug_macro   0x0000ca26      0x107 ./drivers/fsl_i2c.o
 .debug_macro   0x0000cb2d       0x16 ./drivers/fsl_i2c.o
 .debug_macro   0x0000cb43      0x108 ./drivers/fsl_lpsci.o
 .debug_macro   0x0000cc4b      0x10e ./drivers/fsl_uart.o
 .debug_macro   0x0000cd59      0x144 ./board/board.o
 .debug_macro   0x0000ce9d       0x1c ./board/board.o
 .debug_macro   0x0000ceb9      0x145 ./board/clock_config.o
 .debug_macro   0x0000cffe      0x11c ./board/peripherals.o
 .debug_macro   0x0000d11a      0x10d ./board/pin_mux.o
 .debug_macro   0x0000d227       0x97 ./CMSIS/system_MKL46Z4.o

.debug_line     0x00000000     0x85a9
 .debug_line    0x00000000      0x327 ./utilities/fsl_debug_console.o
 .debug_line    0x00000327      0x4ac ./utilities/fsl_io.o
 .debug_line    0x000007d3      0x416 ./utilities/fsl_log.o
 .debug_line    0x00000be9      0x1e7 ./startup/startup_mkl46z4.o
 .debug_line    0x00000dd0      0x7d0 ./source/ColorSenor.o
 .debug_line    0x000015a0      0x402 ./source/LineSensor.o
 .debug_line    0x000019a2      0x4ad ./source/MotorControls.o
 .debug_line    0x00001e4f      0x460 ./source/Project 5 Navigation.o
 .debug_line    0x000022af      0x44e ./source/ServoControl.o
 .debug_line    0x000026fd      0x4a9 ./source/SpeedControl.o
 .debug_line    0x00002ba6      0x47a ./source/Utilities.o
 .debug_line    0x00003020       0xd1 ./source/mtb.o
 .debug_line    0x000030f1       0x5a ./source/semihost_hardfault.o
 .debug_line    0x0000314b     0x12b7 ./drivers/fsl_clock.o
 .debug_line    0x00004402     0x1372 ./drivers/fsl_i2c.o
 .debug_line    0x00005774      0xd7e ./drivers/fsl_lpsci.o
 .debug_line    0x000064f2      0xd89 ./drivers/fsl_uart.o
 .debug_line    0x0000727b      0x30e ./board/board.o
 .debug_line    0x00007589      0x382 ./board/clock_config.o
 .debug_line    0x0000790b      0x408 ./board/peripherals.o
 .debug_line    0x00007d13      0x53b ./board/pin_mux.o
 .debug_line    0x0000824e      0x35b ./CMSIS/system_MKL46Z4.o

.debug_str      0x00000000    0x518f3
 .debug_str     0x00000000    0x4a96e ./utilities/fsl_debug_console.o
                              0x4ab7a (size before relaxing)
 .debug_str     0x0004a96e      0xb9a ./utilities/fsl_io.o
                              0x4b2a1 (size before relaxing)
 .debug_str     0x0004b508      0x1d8 ./utilities/fsl_log.o
                              0x4a908 (size before relaxing)
 .debug_str     0x0004b6e0      0x3e4 ./startup/startup_mkl46z4.o
                               0x31b0 (size before relaxing)
 .debug_str     0x0004bac4     0x17d9 ./source/ColorSenor.o
                              0x4c006 (size before relaxing)
 .debug_str     0x0004d29d       0x92 ./source/LineSensor.o
                              0x4c46f (size before relaxing)
 .debug_str     0x0004d32f      0x105 ./source/MotorControls.o
                              0x4bf9f (size before relaxing)
 .debug_str     0x0004d434       0x6f ./source/Project 5 Navigation.o
                              0x4be73 (size before relaxing)
 .debug_str     0x0004d4a3       0x83 ./source/ServoControl.o
                              0x4bf74 (size before relaxing)
 .debug_str     0x0004d526      0x2cf ./source/SpeedControl.o
                              0x4c79b (size before relaxing)
 .debug_str     0x0004d7f5       0x49 ./source/Utilities.o
                              0x4c1bc (size before relaxing)
 .debug_str     0x0004d83e      0x532 ./source/mtb.o
                               0x32c3 (size before relaxing)
 .debug_str     0x0004dd70       0x1f ./source/semihost_hardfault.o
                               0x2db0 (size before relaxing)
 .debug_str     0x0004dd8f     0x156c ./drivers/fsl_clock.o
                              0x4c3d5 (size before relaxing)
 .debug_str     0x0004f2fb      0xbcd ./drivers/fsl_i2c.o
                              0x4bb94 (size before relaxing)
 .debug_str     0x0004fec8      0x847 ./drivers/fsl_lpsci.o
                              0x4ba17 (size before relaxing)
 .debug_str     0x0005070f      0x777 ./drivers/fsl_uart.o
                              0x4ba34 (size before relaxing)
 .debug_str     0x00050e86       0x4c ./board/board.o
                              0x4b659 (size before relaxing)
 .debug_str     0x00050ed2      0x334 ./board/clock_config.o
                              0x4b2ab (size before relaxing)
 .debug_str     0x00051206      0x15d ./board/peripherals.o
                              0x4af7e (size before relaxing)
 .debug_str     0x00051363      0x532 ./board/pin_mux.o
                              0x4b3b1 (size before relaxing)
 .debug_str     0x00051895       0x5e ./CMSIS/system_MKL46Z4.o
                              0x49843 (size before relaxing)

.comment        0x00000000       0x75
 .comment       0x00000000       0x75 ./utilities/fsl_debug_console.o
                                 0x76 (size before relaxing)
 .comment       0x00000075       0x76 ./utilities/fsl_io.o
 .comment       0x00000075       0x76 ./utilities/fsl_log.o
 .comment       0x00000075       0x76 ./startup/startup_mkl46z4.o
 .comment       0x00000075       0x76 ./source/ColorSenor.o
 .comment       0x00000075       0x76 ./source/LineSensor.o
 .comment       0x00000075       0x76 ./source/MotorControls.o
 .comment       0x00000075       0x76 ./source/Project 5 Navigation.o
 .comment       0x00000075       0x76 ./source/ServoControl.o
 .comment       0x00000075       0x76 ./source/SpeedControl.o
 .comment       0x00000075       0x76 ./source/Utilities.o
 .comment       0x00000075       0x76 ./source/mtb.o
 .comment       0x00000075       0x76 ./source/semihost_hardfault.o
 .comment       0x00000075       0x76 ./drivers/fsl_clock.o
 .comment       0x00000075       0x76 ./drivers/fsl_i2c.o
 .comment       0x00000075       0x76 ./drivers/fsl_lpsci.o
 .comment       0x00000075       0x76 ./drivers/fsl_uart.o
 .comment       0x00000075       0x76 ./board/board.o
 .comment       0x00000075       0x76 ./board/clock_config.o
 .comment       0x00000075       0x76 ./board/peripherals.o
 .comment       0x00000075       0x76 ./board/pin_mux.o
 .comment       0x00000075       0x76 ./CMSIS/system_MKL46Z4.o
 .comment       0x00000075       0x76 c:/nxp/mcuxpressoide_11.0.0_2516/ide/plugins/com.nxp.mcuxpresso.tools.win32_11.0.0.201905131304/tools/bin/../lib/gcc/arm-none-eabi/8.2.1/../../../../arm-none-eabi/lib/thumb/v6-m/nofp\libcr_semihost_nf.a(_cr__main.o)
 .comment       0x00000075       0x76 c:/nxp/mcuxpressoide_11.0.0_2516/ide/plugins/com.nxp.mcuxpresso.tools.win32_11.0.0.201905131304/tools/bin/../lib/gcc/arm-none-eabi/8.2.1/../../../../arm-none-eabi/lib/thumb/v6-m/nofp\libcr_semihost_nf.a(_cr_assert.o)
 .comment       0x00000075       0x76 c:/nxp/mcuxpressoide_11.0.0_2516/ide/plugins/com.nxp.mcuxpresso.tools.win32_11.0.0.201905131304/tools/bin/../lib/gcc/arm-none-eabi/8.2.1/../../../../arm-none-eabi/lib/thumb/v6-m/nofp\libcr_semihost_nf.a(__ciob.o)
 .comment       0x00000075       0x76 c:/nxp/mcuxpressoide_11.0.0_2516/ide/plugins/com.nxp.mcuxpresso.tools.win32_11.0.0.201905131304/tools/bin/../lib/gcc/arm-none-eabi/8.2.1/../../../../arm-none-eabi/lib/thumb/v6-m/nofp\libcr_c.a(memcpy.o)
 .comment       0x00000075       0x76 c:/nxp/mcuxpressoide_11.0.0_2516/ide/plugins/com.nxp.mcuxpresso.tools.win32_11.0.0.201905131304/tools/bin/../lib/gcc/arm-none-eabi/8.2.1/../../../../arm-none-eabi/lib/thumb/v6-m/nofp\libcr_c.a(memset.o)
 .comment       0x00000075       0x76 c:/nxp/mcuxpressoide_11.0.0_2516/ide/plugins/com.nxp.mcuxpresso.tools.win32_11.0.0.201905131304/tools/bin/../lib/gcc/arm-none-eabi/8.2.1/../../../../arm-none-eabi/lib/thumb/v6-m/nofp\libcr_c.a(_deferredlazyseek.o)
 .comment       0x00000075       0x76 c:/nxp/mcuxpressoide_11.0.0_2516/ide/plugins/com.nxp.mcuxpresso.tools.win32_11.0.0.201905131304/tools/bin/../lib/gcc/arm-none-eabi/8.2.1/../../../../arm-none-eabi/lib/thumb/v6-m/nofp\libcr_c.a(_fflush.o)
 .comment       0x00000075       0x76 c:/nxp/mcuxpressoide_11.0.0_2516/ide/plugins/com.nxp.mcuxpresso.tools.win32_11.0.0.201905131304/tools/bin/../lib/gcc/arm-none-eabi/8.2.1/../../../../arm-none-eabi/lib/thumb/v6-m/nofp\libcr_c.a(_writebuf.o)
 .comment       0x00000075       0x76 c:/nxp/mcuxpressoide_11.0.0_2516/ide/plugins/com.nxp.mcuxpresso.tools.win32_11.0.0.201905131304/tools/bin/../lib/gcc/arm-none-eabi/8.2.1/../../../../arm-none-eabi/lib/thumb/v6-m/nofp\libcr_c.a(alloc.o)
 .comment       0x00000075       0x76 c:/nxp/mcuxpressoide_11.0.0_2516/ide/plugins/com.nxp.mcuxpresso.tools.win32_11.0.0.201905131304/tools/bin/../lib/gcc/arm-none-eabi/8.2.1/../../../../arm-none-eabi/lib/thumb/v6-m/nofp\libcr_c.a(fputs.o)
 .comment       0x00000075       0x76 c:/nxp/mcuxpressoide_11.0.0_2516/ide/plugins/com.nxp.mcuxpresso.tools.win32_11.0.0.201905131304/tools/bin/../lib/gcc/arm-none-eabi/8.2.1/../../../../arm-none-eabi/lib/thumb/v6-m/nofp\libcr_c.a(fseek.o)
 .comment       0x00000075       0x76 c:/nxp/mcuxpressoide_11.0.0_2516/ide/plugins/com.nxp.mcuxpresso.tools.win32_11.0.0.201905131304/tools/bin/../lib/gcc/arm-none-eabi/8.2.1/../../../../arm-none-eabi/lib/thumb/v6-m/nofp\libcr_c.a(ftell.o)
 .comment       0x00000075       0x76 c:/nxp/mcuxpressoide_11.0.0_2516/ide/plugins/com.nxp.mcuxpresso.tools.win32_11.0.0.201905131304/tools/bin/../lib/gcc/arm-none-eabi/8.2.1/../../../../arm-none-eabi/lib/thumb/v6-m/nofp\libcr_c.a(initio.o)
 .comment       0x00000075       0x76 c:/nxp/mcuxpressoide_11.0.0_2516/ide/plugins/com.nxp.mcuxpresso.tools.win32_11.0.0.201905131304/tools/bin/../lib/gcc/arm-none-eabi/8.2.1/../../../../arm-none-eabi/lib/thumb/v6-m/nofp\libcr_c.a(printf.o)
 .comment       0x00000075       0x76 c:/nxp/mcuxpressoide_11.0.0_2516/ide/plugins/com.nxp.mcuxpresso.tools.win32_11.0.0.201905131304/tools/bin/../lib/gcc/arm-none-eabi/8.2.1/../../../../arm-none-eabi/lib/thumb/v6-m/nofp\libcr_c.a(setvbuf.o)
 .comment       0x00000075       0x76 c:/nxp/mcuxpressoide_11.0.0_2516/ide/plugins/com.nxp.mcuxpresso.tools.win32_11.0.0.201905131304/tools/bin/../lib/gcc/arm-none-eabi/8.2.1/../../../../arm-none-eabi/lib/thumb/v6-m/nofp\libcr_c.a(stdlib.o)
 .comment       0x00000075       0x76 c:/nxp/mcuxpressoide_11.0.0_2516/ide/plugins/com.nxp.mcuxpresso.tools.win32_11.0.0.201905131304/tools/bin/../lib/gcc/arm-none-eabi/8.2.1/../../../../arm-none-eabi/lib/thumb/v6-m/nofp\libcr_c.a(strcmp.o)
 .comment       0x00000075       0x76 c:/nxp/mcuxpressoide_11.0.0_2516/ide/plugins/com.nxp.mcuxpresso.tools.win32_11.0.0.201905131304/tools/bin/../lib/gcc/arm-none-eabi/8.2.1/../../../../arm-none-eabi/lib/thumb/v6-m/nofp\libcr_c.a(strlen.o)
 .comment       0x00000075       0x76 c:/nxp/mcuxpressoide_11.0.0_2516/ide/plugins/com.nxp.mcuxpresso.tools.win32_11.0.0.201905131304/tools/bin/../lib/gcc/arm-none-eabi/8.2.1/../../../../arm-none-eabi/lib/thumb/v6-m/nofp\libcr_c.a(__init_alloc.o)
 .comment       0x00000075       0x76 c:/nxp/mcuxpressoide_11.0.0_2516/ide/plugins/com.nxp.mcuxpresso.tools.win32_11.0.0.201905131304/tools/bin/../lib/gcc/arm-none-eabi/8.2.1/../../../../arm-none-eabi/lib/thumb/v6-m/nofp\libcr_c.a(_cr_sbrk.o)
 .comment       0x00000075       0x76 c:/nxp/mcuxpressoide_11.0.0_2516/ide/plugins/com.nxp.mcuxpresso.tools.win32_11.0.0.201905131304/tools/bin/../lib/gcc/arm-none-eabi/8.2.1/../../../../arm-none-eabi/lib/thumb/v6-m/nofp\libcr_c.a(_fdopen.o)
 .comment       0x00000075       0x76 c:/nxp/mcuxpressoide_11.0.0_2516/ide/plugins/com.nxp.mcuxpresso.tools.win32_11.0.0.201905131304/tools/bin/../lib/gcc/arm-none-eabi/8.2.1/../../../../arm-none-eabi/lib/thumb/v6-m/nofp\libcr_c.a(errno.o)
 .comment       0x00000075       0x76 c:/nxp/mcuxpressoide_11.0.0_2516/ide/plugins/com.nxp.mcuxpresso.tools.win32_11.0.0.201905131304/tools/bin/../lib/gcc/arm-none-eabi/8.2.1/../../../../arm-none-eabi/lib/thumb/v6-m/nofp\libcr_c.a(fclose.o)
 .comment       0x00000075       0x76 c:/nxp/mcuxpressoide_11.0.0_2516/ide/plugins/com.nxp.mcuxpresso.tools.win32_11.0.0.201905131304/tools/bin/../lib/gcc/arm-none-eabi/8.2.1/../../../../arm-none-eabi/lib/thumb/v6-m/nofp\libcr_c.a(fflush.o)
 .comment       0x00000075       0x76 c:/nxp/mcuxpressoide_11.0.0_2516/ide/plugins/com.nxp.mcuxpresso.tools.win32_11.0.0.201905131304/tools/bin/../lib/gcc/arm-none-eabi/8.2.1/../../../../arm-none-eabi/lib/thumb/v6-m/nofp\libcr_c.a(remove.o)
 .comment       0x00000075       0x76 c:/nxp/mcuxpressoide_11.0.0_2516/ide/plugins/com.nxp.mcuxpresso.tools.win32_11.0.0.201905131304/tools/bin/../lib/gcc/arm-none-eabi/8.2.1/../../../../arm-none-eabi/lib/thumb/v6-m/nofp\libcr_c.a(_cr_check_heap.o)
 .comment       0x00000075       0x76 c:/nxp/mcuxpressoide_11.0.0_2516/ide/plugins/com.nxp.mcuxpresso.tools.win32_11.0.0.201905131304/tools/bin/../lib/gcc/arm-none-eabi/8.2.1/../../../../arm-none-eabi/lib/thumb/v6-m/nofp\libcr_c.a(_do_fflush.o)
 .comment       0x00000075       0x76 c:/nxp/mcuxpressoide_11.0.0_2516/ide/plugins/com.nxp.mcuxpresso.tools.win32_11.0.0.201905131304/tools/bin/../lib/gcc/arm-none-eabi/8.2.1/thumb/v6-m/nofp\libcr_eabihelpers.a(double.o)

.ARM.attributes
                0x00000000       0x2a
 .ARM.attributes
                0x00000000       0x2c ./utilities/fsl_debug_console.o
 .ARM.attributes
                0x0000002c       0x2c ./utilities/fsl_io.o
 .ARM.attributes
                0x00000058       0x2c ./utilities/fsl_log.o
 .ARM.attributes
                0x00000084       0x2c ./startup/startup_mkl46z4.o
 .ARM.attributes
                0x000000b0       0x2c ./source/ColorSenor.o
 .ARM.attributes
                0x000000dc       0x2c ./source/LineSensor.o
 .ARM.attributes
                0x00000108       0x2c ./source/MotorControls.o
 .ARM.attributes
                0x00000134       0x2c ./source/Project 5 Navigation.o
 .ARM.attributes
                0x00000160       0x2c ./source/ServoControl.o
 .ARM.attributes
                0x0000018c       0x2c ./source/SpeedControl.o
 .ARM.attributes
                0x000001b8       0x2c ./source/Utilities.o
 .ARM.attributes
                0x000001e4       0x32 ./source/mtb.o
 .ARM.attributes
                0x00000216       0x2c ./source/semihost_hardfault.o
 .ARM.attributes
                0x00000242       0x2c ./drivers/fsl_clock.o
 .ARM.attributes
                0x0000026e       0x2c ./drivers/fsl_i2c.o
 .ARM.attributes
                0x0000029a       0x2c ./drivers/fsl_lpsci.o
 .ARM.attributes
                0x000002c6       0x2c ./drivers/fsl_uart.o
 .ARM.attributes
                0x000002f2       0x2c ./board/board.o
 .ARM.attributes
                0x0000031e       0x2c ./board/clock_config.o
 .ARM.attributes
                0x0000034a       0x2c ./board/peripherals.o
 .ARM.attributes
                0x00000376       0x2c ./board/pin_mux.o
 .ARM.attributes
                0x000003a2       0x2c ./CMSIS/system_MKL46Z4.o
 .ARM.attributes
                0x000003ce       0x2c c:/nxp/mcuxpressoide_11.0.0_2516/ide/plugins/com.nxp.mcuxpresso.tools.win32_11.0.0.201905131304/tools/bin/../lib/gcc/arm-none-eabi/8.2.1/../../../../arm-none-eabi/lib/thumb/v6-m/nofp\libcr_semihost_nf.a(_cr__main.o)
 .ARM.attributes
                0x000003fa       0x2c c:/nxp/mcuxpressoide_11.0.0_2516/ide/plugins/com.nxp.mcuxpresso.tools.win32_11.0.0.201905131304/tools/bin/../lib/gcc/arm-none-eabi/8.2.1/../../../../arm-none-eabi/lib/thumb/v6-m/nofp\libcr_semihost_nf.a(_cr_assert.o)
 .ARM.attributes
                0x00000426       0x31 c:/nxp/mcuxpressoide_11.0.0_2516/ide/plugins/com.nxp.mcuxpresso.tools.win32_11.0.0.201905131304/tools/bin/../lib/gcc/arm-none-eabi/8.2.1/../../../../arm-none-eabi/lib/thumb/v6-m/nofp\libcr_semihost_nf.a(__ciob.o)
 .ARM.attributes
                0x00000457       0x1c c:/nxp/mcuxpressoide_11.0.0_2516/ide/plugins/com.nxp.mcuxpresso.tools.win32_11.0.0.201905131304/tools/bin/../lib/gcc/arm-none-eabi/8.2.1/../../../../arm-none-eabi/lib/thumb/v6-m/nofp\libcr_semihost_nf.a(__sys_appexit.o)
 .ARM.attributes
                0x00000473       0x2c c:/nxp/mcuxpressoide_11.0.0_2516/ide/plugins/com.nxp.mcuxpresso.tools.win32_11.0.0.201905131304/tools/bin/../lib/gcc/arm-none-eabi/8.2.1/../../../../arm-none-eabi/lib/thumb/v6-m/nofp\libcr_c.a(memcpy.o)
 .ARM.attributes
                0x0000049f       0x2c c:/nxp/mcuxpressoide_11.0.0_2516/ide/plugins/com.nxp.mcuxpresso.tools.win32_11.0.0.201905131304/tools/bin/../lib/gcc/arm-none-eabi/8.2.1/../../../../arm-none-eabi/lib/thumb/v6-m/nofp\libcr_c.a(memset.o)
 .ARM.attributes
                0x000004cb       0x2c c:/nxp/mcuxpressoide_11.0.0_2516/ide/plugins/com.nxp.mcuxpresso.tools.win32_11.0.0.201905131304/tools/bin/../lib/gcc/arm-none-eabi/8.2.1/../../../../arm-none-eabi/lib/thumb/v6-m/nofp\libcr_c.a(_deferredlazyseek.o)
 .ARM.attributes
                0x000004f7       0x2c c:/nxp/mcuxpressoide_11.0.0_2516/ide/plugins/com.nxp.mcuxpresso.tools.win32_11.0.0.201905131304/tools/bin/../lib/gcc/arm-none-eabi/8.2.1/../../../../arm-none-eabi/lib/thumb/v6-m/nofp\libcr_c.a(_fflush.o)
 .ARM.attributes
                0x00000523       0x2c c:/nxp/mcuxpressoide_11.0.0_2516/ide/plugins/com.nxp.mcuxpresso.tools.win32_11.0.0.201905131304/tools/bin/../lib/gcc/arm-none-eabi/8.2.1/../../../../arm-none-eabi/lib/thumb/v6-m/nofp\libcr_c.a(_writebuf.o)
 .ARM.attributes
                0x0000054f       0x2c c:/nxp/mcuxpressoide_11.0.0_2516/ide/plugins/com.nxp.mcuxpresso.tools.win32_11.0.0.201905131304/tools/bin/../lib/gcc/arm-none-eabi/8.2.1/../../../../arm-none-eabi/lib/thumb/v6-m/nofp\libcr_c.a(alloc.o)
 .ARM.attributes
                0x0000057b       0x2c c:/nxp/mcuxpressoide_11.0.0_2516/ide/plugins/com.nxp.mcuxpresso.tools.win32_11.0.0.201905131304/tools/bin/../lib/gcc/arm-none-eabi/8.2.1/../../../../arm-none-eabi/lib/thumb/v6-m/nofp\libcr_c.a(fputs.o)
 .ARM.attributes
                0x000005a7       0x2c c:/nxp/mcuxpressoide_11.0.0_2516/ide/plugins/com.nxp.mcuxpresso.tools.win32_11.0.0.201905131304/tools/bin/../lib/gcc/arm-none-eabi/8.2.1/../../../../arm-none-eabi/lib/thumb/v6-m/nofp\libcr_c.a(fseek.o)
 .ARM.attributes
                0x000005d3       0x2c c:/nxp/mcuxpressoide_11.0.0_2516/ide/plugins/com.nxp.mcuxpresso.tools.win32_11.0.0.201905131304/tools/bin/../lib/gcc/arm-none-eabi/8.2.1/../../../../arm-none-eabi/lib/thumb/v6-m/nofp\libcr_c.a(ftell.o)
 .ARM.attributes
                0x000005ff       0x2c c:/nxp/mcuxpressoide_11.0.0_2516/ide/plugins/com.nxp.mcuxpresso.tools.win32_11.0.0.201905131304/tools/bin/../lib/gcc/arm-none-eabi/8.2.1/../../../../arm-none-eabi/lib/thumb/v6-m/nofp\libcr_c.a(initio.o)
 .ARM.attributes
                0x0000062b       0x2c c:/nxp/mcuxpressoide_11.0.0_2516/ide/plugins/com.nxp.mcuxpresso.tools.win32_11.0.0.201905131304/tools/bin/../lib/gcc/arm-none-eabi/8.2.1/../../../../arm-none-eabi/lib/thumb/v6-m/nofp\libcr_c.a(printf.o)
 .ARM.attributes
                0x00000657       0x2c c:/nxp/mcuxpressoide_11.0.0_2516/ide/plugins/com.nxp.mcuxpresso.tools.win32_11.0.0.201905131304/tools/bin/../lib/gcc/arm-none-eabi/8.2.1/../../../../arm-none-eabi/lib/thumb/v6-m/nofp\libcr_c.a(setvbuf.o)
 .ARM.attributes
                0x00000683       0x2c c:/nxp/mcuxpressoide_11.0.0_2516/ide/plugins/com.nxp.mcuxpresso.tools.win32_11.0.0.201905131304/tools/bin/../lib/gcc/arm-none-eabi/8.2.1/../../../../arm-none-eabi/lib/thumb/v6-m/nofp\libcr_c.a(stdlib.o)
 .ARM.attributes
                0x000006af       0x2c c:/nxp/mcuxpressoide_11.0.0_2516/ide/plugins/com.nxp.mcuxpresso.tools.win32_11.0.0.201905131304/tools/bin/../lib/gcc/arm-none-eabi/8.2.1/../../../../arm-none-eabi/lib/thumb/v6-m/nofp\libcr_c.a(strcmp.o)
 .ARM.attributes
                0x000006db       0x2c c:/nxp/mcuxpressoide_11.0.0_2516/ide/plugins/com.nxp.mcuxpresso.tools.win32_11.0.0.201905131304/tools/bin/../lib/gcc/arm-none-eabi/8.2.1/../../../../arm-none-eabi/lib/thumb/v6-m/nofp\libcr_c.a(strlen.o)
 .ARM.attributes
                0x00000707       0x2c c:/nxp/mcuxpressoide_11.0.0_2516/ide/plugins/com.nxp.mcuxpresso.tools.win32_11.0.0.201905131304/tools/bin/../lib/gcc/arm-none-eabi/8.2.1/../../../../arm-none-eabi/lib/thumb/v6-m/nofp\libcr_c.a(__init_alloc.o)
 .ARM.attributes
                0x00000733       0x2c c:/nxp/mcuxpressoide_11.0.0_2516/ide/plugins/com.nxp.mcuxpresso.tools.win32_11.0.0.201905131304/tools/bin/../lib/gcc/arm-none-eabi/8.2.1/../../../../arm-none-eabi/lib/thumb/v6-m/nofp\libcr_c.a(_cr_sbrk.o)
 .ARM.attributes
                0x0000075f       0x2c c:/nxp/mcuxpressoide_11.0.0_2516/ide/plugins/com.nxp.mcuxpresso.tools.win32_11.0.0.201905131304/tools/bin/../lib/gcc/arm-none-eabi/8.2.1/../../../../arm-none-eabi/lib/thumb/v6-m/nofp\libcr_c.a(_fdopen.o)
 .ARM.attributes
                0x0000078b       0x31 c:/nxp/mcuxpressoide_11.0.0_2516/ide/plugins/com.nxp.mcuxpresso.tools.win32_11.0.0.201905131304/tools/bin/../lib/gcc/arm-none-eabi/8.2.1/../../../../arm-none-eabi/lib/thumb/v6-m/nofp\libcr_c.a(errno.o)
 .ARM.attributes
                0x000007bc       0x2c c:/nxp/mcuxpressoide_11.0.0_2516/ide/plugins/com.nxp.mcuxpresso.tools.win32_11.0.0.201905131304/tools/bin/../lib/gcc/arm-none-eabi/8.2.1/../../../../arm-none-eabi/lib/thumb/v6-m/nofp\libcr_c.a(fclose.o)
 .ARM.attributes
                0x000007e8       0x2c c:/nxp/mcuxpressoide_11.0.0_2516/ide/plugins/com.nxp.mcuxpresso.tools.win32_11.0.0.201905131304/tools/bin/../lib/gcc/arm-none-eabi/8.2.1/../../../../arm-none-eabi/lib/thumb/v6-m/nofp\libcr_c.a(fflush.o)
 .ARM.attributes
                0x00000814       0x2c c:/nxp/mcuxpressoide_11.0.0_2516/ide/plugins/com.nxp.mcuxpresso.tools.win32_11.0.0.201905131304/tools/bin/../lib/gcc/arm-none-eabi/8.2.1/../../../../arm-none-eabi/lib/thumb/v6-m/nofp\libcr_c.a(remove.o)
 .ARM.attributes
                0x00000840       0x2c c:/nxp/mcuxpressoide_11.0.0_2516/ide/plugins/com.nxp.mcuxpresso.tools.win32_11.0.0.201905131304/tools/bin/../lib/gcc/arm-none-eabi/8.2.1/../../../../arm-none-eabi/lib/thumb/v6-m/nofp\libcr_c.a(_cr_check_heap.o)
 .ARM.attributes
                0x0000086c       0x2c c:/nxp/mcuxpressoide_11.0.0_2516/ide/plugins/com.nxp.mcuxpresso.tools.win32_11.0.0.201905131304/tools/bin/../lib/gcc/arm-none-eabi/8.2.1/../../../../arm-none-eabi/lib/thumb/v6-m/nofp\libcr_c.a(_do_fflush.o)
 .ARM.attributes
                0x00000898       0x1c c:/nxp/mcuxpressoide_11.0.0_2516/ide/plugins/com.nxp.mcuxpresso.tools.win32_11.0.0.201905131304/tools/bin/../lib/gcc/arm-none-eabi/8.2.1/thumb/v6-m/nofp\libcr_eabihelpers.a(division_32.o)
 .ARM.attributes
                0x000008b4       0x1c c:/nxp/mcuxpressoide_11.0.0_2516/ide/plugins/com.nxp.mcuxpresso.tools.win32_11.0.0.201905131304/tools/bin/../lib/gcc/arm-none-eabi/8.2.1/thumb/v6-m/nofp\libcr_eabihelpers.a(division_idiv0.o)
 .ARM.attributes
                0x000008d0       0x2c c:/nxp/mcuxpressoide_11.0.0_2516/ide/plugins/com.nxp.mcuxpresso.tools.win32_11.0.0.201905131304/tools/bin/../lib/gcc/arm-none-eabi/8.2.1/thumb/v6-m/nofp\libcr_eabihelpers.a(double.o)
 .ARM.attributes
                0x000008fc       0x1c c:/nxp/mcuxpressoide_11.0.0_2516/ide/plugins/com.nxp.mcuxpresso.tools.win32_11.0.0.201905131304/tools/bin/../lib/gcc/arm-none-eabi/8.2.1/thumb/v6-m/nofp\libcr_eabihelpers.a(llong.o)
 .ARM.attributes
                0x00000918       0x1c c:/nxp/mcuxpressoide_11.0.0_2516/ide/plugins/com.nxp.mcuxpresso.tools.win32_11.0.0.201905131304/tools/bin/../lib/gcc/arm-none-eabi/8.2.1/thumb/v6-m/nofp\libcr_eabihelpers.a(memcpy.o)
 .ARM.attributes
                0x00000934       0x1c c:/nxp/mcuxpressoide_11.0.0_2516/ide/plugins/com.nxp.mcuxpresso.tools.win32_11.0.0.201905131304/tools/bin/../lib/gcc/arm-none-eabi/8.2.1/../../../../arm-none-eabi/lib/thumb/v6-m/nofp\libcr_semihost_nf.a(__sys_close.o)
 .ARM.attributes
                0x00000950       0x1c c:/nxp/mcuxpressoide_11.0.0_2516/ide/plugins/com.nxp.mcuxpresso.tools.win32_11.0.0.201905131304/tools/bin/../lib/gcc/arm-none-eabi/8.2.1/../../../../arm-none-eabi/lib/thumb/v6-m/nofp\libcr_semihost_nf.a(__sys_flen.o)
 .ARM.attributes
                0x0000096c       0x1c c:/nxp/mcuxpressoide_11.0.0_2516/ide/plugins/com.nxp.mcuxpresso.tools.win32_11.0.0.201905131304/tools/bin/../lib/gcc/arm-none-eabi/8.2.1/../../../../arm-none-eabi/lib/thumb/v6-m/nofp\libcr_semihost_nf.a(__sys_istty.o)
 .ARM.attributes
                0x00000988       0x1c c:/nxp/mcuxpressoide_11.0.0_2516/ide/plugins/com.nxp.mcuxpresso.tools.win32_11.0.0.201905131304/tools/bin/../lib/gcc/arm-none-eabi/8.2.1/../../../../arm-none-eabi/lib/thumb/v6-m/nofp\libcr_semihost_nf.a(__sys_remove.o)
 .ARM.attributes
                0x000009a4       0x1c c:/nxp/mcuxpressoide_11.0.0_2516/ide/plugins/com.nxp.mcuxpresso.tools.win32_11.0.0.201905131304/tools/bin/../lib/gcc/arm-none-eabi/8.2.1/../../../../arm-none-eabi/lib/thumb/v6-m/nofp\libcr_semihost_nf.a(__sys_seek.o)
 .ARM.attributes
                0x000009c0       0x1c c:/nxp/mcuxpressoide_11.0.0_2516/ide/plugins/com.nxp.mcuxpresso.tools.win32_11.0.0.201905131304/tools/bin/../lib/gcc/arm-none-eabi/8.2.1/../../../../arm-none-eabi/lib/thumb/v6-m/nofp\libcr_semihost_nf.a(__sys_tmpnam.o)
 .ARM.attributes
                0x000009dc       0x1c c:/nxp/mcuxpressoide_11.0.0_2516/ide/plugins/com.nxp.mcuxpresso.tools.win32_11.0.0.201905131304/tools/bin/../lib/gcc/arm-none-eabi/8.2.1/../../../../arm-none-eabi/lib/thumb/v6-m/nofp\libcr_semihost_nf.a(__sys_write.o)

.debug_frame    0x00000000     0x259c
 .debug_frame   0x00000000       0x68 ./utilities/fsl_debug_console.o
 .debug_frame   0x00000068      0x108 ./utilities/fsl_io.o
 .debug_frame   0x00000170      0x108 ./utilities/fsl_log.o
 .debug_frame   0x00000278      0x3b0 ./startup/startup_mkl46z4.o
 .debug_frame   0x00000628      0x1d0 ./source/ColorSenor.o
 .debug_frame   0x000007f8       0x4c ./source/LineSensor.o
 .debug_frame   0x00000844       0xa4 ./source/MotorControls.o
 .debug_frame   0x000008e8       0x30 ./source/Project 5 Navigation.o
 .debug_frame   0x00000918       0x88 ./source/ServoControl.o
 .debug_frame   0x000009a0       0xc8 ./source/SpeedControl.o
 .debug_frame   0x00000a68       0xe0 ./source/Utilities.o
 .debug_frame   0x00000b48       0x20 ./source/semihost_hardfault.o
 .debug_frame   0x00000b68      0x6e0 ./drivers/fsl_clock.o
 .debug_frame   0x00001248      0x58c ./drivers/fsl_i2c.o
 .debug_frame   0x000017d4      0x418 ./drivers/fsl_lpsci.o
 .debug_frame   0x00001bec      0x468 ./drivers/fsl_uart.o
 .debug_frame   0x00002054       0x50 ./board/board.o
 .debug_frame   0x000020a4      0x100 ./board/clock_config.o
 .debug_frame   0x000021a4      0x1d0 ./board/peripherals.o
 .debug_frame   0x00002374      0x1c0 ./board/pin_mux.o
 .debug_frame   0x00002534       0x68 ./CMSIS/system_MKL46Z4.o

Cross Reference Table

Symbol                                            File
ADC0_DriverIRQHandler                             ./startup/startup_mkl46z4.o
ADC0_IRQHandler                                   ./startup/startup_mkl46z4.o
BOARD_ACCEL_I2C_config                            ./board/peripherals.o
BOARD_ACCEL_I2C_init                              ./board/peripherals.o
BOARD_BootClockRUN                                ./board/clock_config.o
BOARD_BootClockVLPR                               ./board/clock_config.o
BOARD_INT1_init                                   ./board/peripherals.o
BOARD_INT2_init                                   ./board/peripherals.o
BOARD_InitACCEL                                   ./board/pin_mux.o
BOARD_InitACCELPeripheral                         ./board/peripherals.o
BOARD_InitBootClocks                              ./board/clock_config.o
                                                  ./source/Project 5 Navigation.o
BOARD_InitBootPeripherals                         ./board/peripherals.o
                                                  ./source/Project 5 Navigation.o
BOARD_InitBootPins                                ./board/pin_mux.o
                                                  ./source/Project 5 Navigation.o
BOARD_InitButtons                                 ./board/pin_mux.o
BOARD_InitButtonsPeripheral                       ./board/peripherals.o
BOARD_InitDEBUG_UART                              ./board/pin_mux.o
BOARD_InitDEBUG_UARTPeripheral                    ./board/peripherals.o
BOARD_InitDebugConsole                            ./board/board.o
                                                  ./source/Project 5 Navigation.o
BOARD_InitLEDs                                    ./board/pin_mux.o
BOARD_InitLEDsPeripheral                          ./board/peripherals.o
BOARD_InitMAG                                     ./board/pin_mux.o
BOARD_InitMAGPeripheral                           ./board/peripherals.o
BOARD_InitOSC                                     ./board/pin_mux.o
BOARD_InitPeripherals                             ./board/peripherals.o
BOARD_InitPins                                    ./board/pin_mux.o
BOARD_InitSegment_LCD                             ./board/pin_mux.o
BOARD_InitTouch                                   ./board/pin_mux.o
BOARD_InitUSB                                     ./board/pin_mux.o
BOARD_LED_GREEN_init                              ./board/peripherals.o
BOARD_LED_RED_init                                ./board/peripherals.o
BOARD_LPSCI_1_init                                ./board/peripherals.o
BOARD_SW1_SW3_init                                ./board/peripherals.o
CLOCK_BootToBlpeMode                              ./drivers/fsl_clock.o
CLOCK_BootToBlpiMode                              ./drivers/fsl_clock.o
                                                  ./board/clock_config.o
CLOCK_BootToFeeMode                               ./drivers/fsl_clock.o
CLOCK_BootToFeiMode                               ./drivers/fsl_clock.o
CLOCK_BootToPeeMode                               ./drivers/fsl_clock.o
                                                  ./board/clock_config.o
CLOCK_CalcPllDiv                                  ./drivers/fsl_clock.o
CLOCK_ClearStatusFlags                            ./drivers/fsl_clock.o
CLOCK_DeinitOsc0                                  ./drivers/fsl_clock.o
CLOCK_EnablePll0                                  ./drivers/fsl_clock.o
CLOCK_EnableUsbfs0Clock                           ./drivers/fsl_clock.o
CLOCK_ExternalModeToFbeModeQuick                  ./drivers/fsl_clock.o
CLOCK_GetBusClkFreq                               ./drivers/fsl_clock.o
CLOCK_GetCoreSysClkFreq                           ./drivers/fsl_clock.o
CLOCK_GetEr32kClkFreq                             ./drivers/fsl_clock.o
CLOCK_GetFixedFreqClkFreq                         ./drivers/fsl_clock.o
CLOCK_GetFlashClkFreq                             ./drivers/fsl_clock.o
CLOCK_GetFllFreq                                  ./drivers/fsl_clock.o
CLOCK_GetFreq                                     ./drivers/fsl_clock.o
                                                  ./board/peripherals.o
CLOCK_GetInternalRefClkFreq                       ./drivers/fsl_clock.o
CLOCK_GetMode                                     ./drivers/fsl_clock.o
CLOCK_GetOsc0ErClkFreq                            ./drivers/fsl_clock.o
CLOCK_GetOutClkFreq                               ./drivers/fsl_clock.o
CLOCK_GetPlatClkFreq                              ./drivers/fsl_clock.o
CLOCK_GetPll0Freq                                 ./drivers/fsl_clock.o
CLOCK_GetPllFllSelClkFreq                         ./drivers/fsl_clock.o
                                                  ./board/board.o
CLOCK_GetStatusFlags                              ./drivers/fsl_clock.o
CLOCK_InitOsc0                                    ./drivers/fsl_clock.o
                                                  ./board/clock_config.o
CLOCK_InternalModeToFbiModeQuick                  ./drivers/fsl_clock.o
CLOCK_SetBlpeMode                                 ./drivers/fsl_clock.o
CLOCK_SetBlpiMode                                 ./drivers/fsl_clock.o
CLOCK_SetExternalRefClkConfig                     ./drivers/fsl_clock.o
CLOCK_SetFbeMode                                  ./drivers/fsl_clock.o
CLOCK_SetFbiMode                                  ./drivers/fsl_clock.o
CLOCK_SetFeeMode                                  ./drivers/fsl_clock.o
CLOCK_SetFeiMode                                  ./drivers/fsl_clock.o
CLOCK_SetInternalRefClkConfig                     ./drivers/fsl_clock.o
CLOCK_SetMcgConfig                                ./drivers/fsl_clock.o
CLOCK_SetOsc0MonitorMode                          ./drivers/fsl_clock.o
CLOCK_SetPbeMode                                  ./drivers/fsl_clock.o
CLOCK_SetPeeMode                                  ./drivers/fsl_clock.o
CLOCK_SetPll0MonitorMode                          ./drivers/fsl_clock.o
CLOCK_SetSimConfig                                ./drivers/fsl_clock.o
                                                  ./board/clock_config.o
CLOCK_TrimInternalRefClk                          ./drivers/fsl_clock.o
CMP0_DriverIRQHandler                             ./startup/startup_mkl46z4.o
CMP0_IRQHandler                                   ./startup/startup_mkl46z4.o
DAC0_DriverIRQHandler                             ./startup/startup_mkl46z4.o
DAC0_IRQHandler                                   ./startup/startup_mkl46z4.o
DMA0_DriverIRQHandler                             ./startup/startup_mkl46z4.o
DMA0_IRQHandler                                   ./startup/startup_mkl46z4.o
DMA1_DriverIRQHandler                             ./startup/startup_mkl46z4.o
DMA1_IRQHandler                                   ./startup/startup_mkl46z4.o
DMA2_DriverIRQHandler                             ./startup/startup_mkl46z4.o
DMA2_IRQHandler                                   ./startup/startup_mkl46z4.o
DMA3_DriverIRQHandler                             ./startup/startup_mkl46z4.o
DMA3_IRQHandler                                   ./startup/startup_mkl46z4.o
DbgConsole_Deinit                                 ./utilities/fsl_debug_console.o
DbgConsole_Flush                                  ./utilities/fsl_debug_console.o
DbgConsole_Init                                   ./utilities/fsl_debug_console.o
                                                  ./board/board.o
FGPIO_PinInit                                     ./drivers/fsl_gpio.o
FGPIO_PortClearInterruptFlags                     ./drivers/fsl_gpio.o
FGPIO_PortGetInterruptFlags                       ./drivers/fsl_gpio.o
FLASH_Erase                                       ./drivers/fsl_ftfx_flash.o
FLASH_EraseAll                                    ./drivers/fsl_ftfx_flash.o
FLASH_GetProperty                                 ./drivers/fsl_ftfx_flash.o
FLASH_GetSecurityState                            ./drivers/fsl_ftfx_flash.o
FLASH_Init                                        ./drivers/fsl_ftfx_flash.o
FLASH_IsExecuteOnly                               ./drivers/fsl_ftfx_flash.o
FLASH_IsProtected                                 ./drivers/fsl_ftfx_flash.o
FLASH_PflashGetProtection                         ./drivers/fsl_ftfx_flash.o
FLASH_PflashSetProtection                         ./drivers/fsl_ftfx_flash.o
FLASH_Program                                     ./drivers/fsl_ftfx_flash.o
FLASH_ReadResource                                ./drivers/fsl_ftfx_flash.o
FLASH_SecurityBypass                              ./drivers/fsl_ftfx_flash.o
FLASH_VerifyErase                                 ./drivers/fsl_ftfx_flash.o
FLASH_VerifyEraseAll                              ./drivers/fsl_ftfx_flash.o
FLASH_VerifyProgram                               ./drivers/fsl_ftfx_flash.o
FTFA_DriverIRQHandler                             ./startup/startup_mkl46z4.o
FTFA_IRQHandler                                   ./startup/startup_mkl46z4.o
FTFx_API_Init                                     ./drivers/fsl_ftfx_controller.o
                                                  ./drivers/fsl_ftfx_flash.o
FTFx_CACHE_ClearCachePrefetchSpeculation          ./drivers/fsl_ftfx_cache.o
FTFx_CACHE_Init                                   ./drivers/fsl_ftfx_cache.o
FTFx_CACHE_PflashGetPrefetchSpeculation           ./drivers/fsl_ftfx_cache.o
FTFx_CACHE_PflashSetPrefetchSpeculation           ./drivers/fsl_ftfx_cache.o
                                                  ./drivers/fsl_smc.o
FTFx_CMD_Erase                                    ./drivers/fsl_ftfx_controller.o
                                                  ./drivers/fsl_ftfx_flash.o
FTFx_CMD_EraseAll                                 ./drivers/fsl_ftfx_controller.o
                                                  ./drivers/fsl_ftfx_flash.o
FTFx_CMD_EraseAllExecuteOnlySegments              ./drivers/fsl_ftfx_controller.o
FTFx_CMD_Program                                  ./drivers/fsl_ftfx_controller.o
                                                  ./drivers/fsl_ftfx_flash.o
FTFx_CMD_ProgramOnce                              ./drivers/fsl_ftfx_controller.o
FTFx_CMD_ReadOnce                                 ./drivers/fsl_ftfx_controller.o
FTFx_CMD_ReadResource                             ./drivers/fsl_ftfx_controller.o
                                                  ./drivers/fsl_ftfx_flash.o
FTFx_CMD_SecurityBypass                           ./drivers/fsl_ftfx_controller.o
                                                  ./drivers/fsl_ftfx_flash.o
FTFx_CMD_VerifyErase                              ./drivers/fsl_ftfx_controller.o
                                                  ./drivers/fsl_ftfx_flash.o
FTFx_CMD_VerifyEraseAll                           ./drivers/fsl_ftfx_controller.o
                                                  ./drivers/fsl_ftfx_flash.o
FTFx_CMD_VerifyEraseAllExecuteOnlySegments        ./drivers/fsl_ftfx_controller.o
FTFx_CMD_VerifyProgram                            ./drivers/fsl_ftfx_controller.o
                                                  ./drivers/fsl_ftfx_flash.o
FTFx_REG_GetSecurityState                         ./drivers/fsl_ftfx_controller.o
                                                  ./drivers/fsl_ftfx_flash.o
Flash_Config                                      ./startup/startup_mkl46z4.o
GPIO_PinInit                                      ./drivers/fsl_gpio.o
                                                  ./board/pin_mux.o
GPIO_PortClearInterruptFlags                      ./drivers/fsl_gpio.o
GPIO_PortGetInterruptFlags                        ./drivers/fsl_gpio.o
HardFault_Handler                                 ./source/semihost_hardfault.o
                                                  ./startup/startup_mkl46z4.o
I2C0_DriverIRQHandler                             ./drivers/fsl_i2c.o
                                                  ./startup/startup_mkl46z4.o
I2C0_IRQHandler                                   ./startup/startup_mkl46z4.o
I2C1_DriverIRQHandler                             ./drivers/fsl_i2c.o
                                                  ./startup/startup_mkl46z4.o
I2C1_IRQHandler                                   ./startup/startup_mkl46z4.o
I2C_DisableInterrupts                             ./drivers/fsl_i2c.o